Archive member included to satisfy reference by file (symbol)

c:/program files (x86)/atmel/studio/7.0/toolchain/avr8/avr8-gnu-toolchain/bin/../lib/gcc/avr/5.4.0/../../../../avr/lib/avrxmega6\libm.a(addsf3.o)
                              src/experiment.o (__subsf3)
c:/program files (x86)/atmel/studio/7.0/toolchain/avr8/avr8-gnu-toolchain/bin/../lib/gcc/avr/5.4.0/../../../../avr/lib/avrxmega6\libm.a(addsf3x.o)
                              c:/program files (x86)/atmel/studio/7.0/toolchain/avr8/avr8-gnu-toolchain/bin/../lib/gcc/avr/5.4.0/../../../../avr/lib/avrxmega6\libm.a(addsf3.o) (__addsf3x)
c:/program files (x86)/atmel/studio/7.0/toolchain/avr8/avr8-gnu-toolchain/bin/../lib/gcc/avr/5.4.0/../../../../avr/lib/avrxmega6\libm.a(ceil.o)
                              src/shutter.o (ceil)
c:/program files (x86)/atmel/studio/7.0/toolchain/avr8/avr8-gnu-toolchain/bin/../lib/gcc/avr/5.4.0/../../../../avr/lib/avrxmega6\libm.a(cmpsf2.o)
                              src/shutter.o (__ltsf2)
c:/program files (x86)/atmel/studio/7.0/toolchain/avr8/avr8-gnu-toolchain/bin/../lib/gcc/avr/5.4.0/../../../../avr/lib/avrxmega6\libm.a(divsf3.o)
                              src/shutter.o (__divsf3)
c:/program files (x86)/atmel/studio/7.0/toolchain/avr8/avr8-gnu-toolchain/bin/../lib/gcc/avr/5.4.0/../../../../avr/lib/avrxmega6\libm.a(divsf3x.o)
                              c:/program files (x86)/atmel/studio/7.0/toolchain/avr8/avr8-gnu-toolchain/bin/../lib/gcc/avr/5.4.0/../../../../avr/lib/avrxmega6\libm.a(divsf3.o) (__divsf3x)
c:/program files (x86)/atmel/studio/7.0/toolchain/avr8/avr8-gnu-toolchain/bin/../lib/gcc/avr/5.4.0/../../../../avr/lib/avrxmega6\libm.a(fixunssfsi.o)
                              src/shutter.o (__fixunssfsi)
c:/program files (x86)/atmel/studio/7.0/toolchain/avr8/avr8-gnu-toolchain/bin/../lib/gcc/avr/5.4.0/../../../../avr/lib/avrxmega6\libm.a(floatsisf.o)
                              src/experiment.o (__floatunsisf)
c:/program files (x86)/atmel/studio/7.0/toolchain/avr8/avr8-gnu-toolchain/bin/../lib/gcc/avr/5.4.0/../../../../avr/lib/avrxmega6\libm.a(fp_cmp.o)
                              c:/program files (x86)/atmel/studio/7.0/toolchain/avr8/avr8-gnu-toolchain/bin/../lib/gcc/avr/5.4.0/../../../../avr/lib/avrxmega6\libm.a(cmpsf2.o) (__fp_cmp)
c:/program files (x86)/atmel/studio/7.0/toolchain/avr8/avr8-gnu-toolchain/bin/../lib/gcc/avr/5.4.0/../../../../avr/lib/avrxmega6\libm.a(fp_inf.o)
                              c:/program files (x86)/atmel/studio/7.0/toolchain/avr8/avr8-gnu-toolchain/bin/../lib/gcc/avr/5.4.0/../../../../avr/lib/avrxmega6\libm.a(addsf3x.o) (__fp_inf)
c:/program files (x86)/atmel/studio/7.0/toolchain/avr8/avr8-gnu-toolchain/bin/../lib/gcc/avr/5.4.0/../../../../avr/lib/avrxmega6\libm.a(fp_mintl.o)
                              c:/program files (x86)/atmel/studio/7.0/toolchain/avr8/avr8-gnu-toolchain/bin/../lib/gcc/avr/5.4.0/../../../../avr/lib/avrxmega6\libm.a(ceil.o) (__fp_mintl)
c:/program files (x86)/atmel/studio/7.0/toolchain/avr8/avr8-gnu-toolchain/bin/../lib/gcc/avr/5.4.0/../../../../avr/lib/avrxmega6\libm.a(fp_mpack.o)
                              c:/program files (x86)/atmel/studio/7.0/toolchain/avr8/avr8-gnu-toolchain/bin/../lib/gcc/avr/5.4.0/../../../../avr/lib/avrxmega6\libm.a(ceil.o) (__fp_mpack)
c:/program files (x86)/atmel/studio/7.0/toolchain/avr8/avr8-gnu-toolchain/bin/../lib/gcc/avr/5.4.0/../../../../avr/lib/avrxmega6\libm.a(fp_nan.o)
                              c:/program files (x86)/atmel/studio/7.0/toolchain/avr8/avr8-gnu-toolchain/bin/../lib/gcc/avr/5.4.0/../../../../avr/lib/avrxmega6\libm.a(addsf3x.o) (__fp_nan)
c:/program files (x86)/atmel/studio/7.0/toolchain/avr8/avr8-gnu-toolchain/bin/../lib/gcc/avr/5.4.0/../../../../avr/lib/avrxmega6\libm.a(fp_pscA.o)
                              c:/program files (x86)/atmel/studio/7.0/toolchain/avr8/avr8-gnu-toolchain/bin/../lib/gcc/avr/5.4.0/../../../../avr/lib/avrxmega6\libm.a(addsf3x.o) (__fp_pscA)
c:/program files (x86)/atmel/studio/7.0/toolchain/avr8/avr8-gnu-toolchain/bin/../lib/gcc/avr/5.4.0/../../../../avr/lib/avrxmega6\libm.a(fp_pscB.o)
                              c:/program files (x86)/atmel/studio/7.0/toolchain/avr8/avr8-gnu-toolchain/bin/../lib/gcc/avr/5.4.0/../../../../avr/lib/avrxmega6\libm.a(addsf3x.o) (__fp_pscB)
c:/program files (x86)/atmel/studio/7.0/toolchain/avr8/avr8-gnu-toolchain/bin/../lib/gcc/avr/5.4.0/../../../../avr/lib/avrxmega6\libm.a(fp_round.o)
                              c:/program files (x86)/atmel/studio/7.0/toolchain/avr8/avr8-gnu-toolchain/bin/../lib/gcc/avr/5.4.0/../../../../avr/lib/avrxmega6\libm.a(addsf3.o) (__fp_round)
c:/program files (x86)/atmel/studio/7.0/toolchain/avr8/avr8-gnu-toolchain/bin/../lib/gcc/avr/5.4.0/../../../../avr/lib/avrxmega6\libm.a(fp_split3.o)
                              c:/program files (x86)/atmel/studio/7.0/toolchain/avr8/avr8-gnu-toolchain/bin/../lib/gcc/avr/5.4.0/../../../../avr/lib/avrxmega6\libm.a(addsf3x.o) (__fp_split3)
[...]
Memory Configuration

Name             Origin             Length             Attributes
text             0x00000000         0x00100000         xr
data             0x00802000         0x0000ffa0         rw !x
eeprom           0x00810000         0x00010000         rw !x
fuse             0x00820000         0x00000006         rw !x
lock             0x00830000         0x00000400         rw !x
signature        0x00840000         0x00000400         rw !x
user_signatures  0x00850000         0x00000400         rw !x
*default*        0x00000000         0xffffffff

Linker script and memory map

LOAD C:/Program Files (x86)/Atmel/Studio/7.0/Packs/atmel/XMEGAA_DFP/1.1.68/gcc/dev/atxmega256a3u/avrxmega6/crtatxmega256a3u.o
LOAD src/ASF/common/utils/stdio/read.o
LOAD src/ASF/common/utils/stdio/stdio_usb/stdio_usb.o
LOAD src/ASF/common/utils/stdio/write.o
LOAD src/max5443.o
LOAD src/settings.o
LOAD src/shutter.o
LOAD src/tcs.o
LOAD src/usb.o
LOAD src/ads1255.o
LOAD src/ASF/common/boards/user_board/init.o
LOAD src/ASF/common/drivers/nvm/xmega/xmega_nvm.o
LOAD src/ASF/common/services/clock/xmega/sysclk.o
LOAD src/ASF/common/services/hugemem/avr8/avr8_hugemem.o
LOAD src/ASF/common/services/ioport/xmega/ioport_compat.o
LOAD src/ASF/common/services/sleepmgr/xmega/sleepmgr.o
LOAD src/ASF/common/services/spi/xmega_usart_spi/usart_spi.o
LOAD src/ASF/common/services/usb/class/cdc/device/udi_cdc.o
LOAD src/ASF/common/services/usb/class/cdc/device/udi_cdc_desc.o
LOAD src/ASF/common/services/usb/udc/udc.o
LOAD src/ASF/xmega/drivers/cpu/ccp.o
LOAD src/ASF/xmega/drivers/dma/dma.o
LOAD src/ASF/xmega/drivers/nvm/nvm.o
LOAD src/ASF/xmega/drivers/nvm/nvm_asm.o
LOAD src/ASF/xmega/drivers/rtc/rtc.o
LOAD src/ASF/xmega/drivers/tc/tc.o
LOAD src/ASF/xmega/drivers/twi/twim.o
LOAD src/ASF/xmega/drivers/usart/usart.o
LOAD src/ASF/xmega/drivers/usb/usb_device.o
LOAD src/experiment.o
LOAD src/ext_twi.o
LOAD src/main.o
START GROUP
LOAD c:/program files (x86)/atmel/studio/7.0/toolchain/avr8/avr8-gnu-toolchain/bin/../lib/gcc/avr/5.4.0/../../../../avr/lib/avrxmega6\libm.a
END GROUP
START GROUP
LOAD c:/program files (x86)/atmel/studio/7.0/toolchain/avr8/avr8-gnu-toolchain/bin/../lib/gcc/avr/5.4.0/avrxmega6\libgcc.a
LOAD c:/program files (x86)/atmel/studio/7.0/toolchain/avr8/avr8-gnu-toolchain/bin/../lib/gcc/avr/5.4.0/../../../../avr/lib/avrxmega6\libm.a
LOAD c:/program files (x86)/atmel/studio/7.0/toolchain/avr8/avr8-gnu-toolchain/bin/../lib/gcc/avr/5.4.0/../../../../avr/lib/avrxmega6\libc.a
LOAD C:/Program Files (x86)/Atmel/Studio/7.0/Packs/atmel/XMEGAA_DFP/1.1.68/gcc/dev/atxmega256a3u/avrxmega6\libatxmega256a3u.a
END GROUP
                0x00100000                __TEXT_REGION_LENGTH__ = DEFINED (__TEXT_REGION_LENGTH__)?__TEXT_REGION_LENGTH__:0x100000
                0x0000ffa0                __DATA_REGION_LENGTH__ = DEFINED (__DATA_REGION_LENGTH__)?__DATA_REGION_LENGTH__:0xffa0
                0x00010000                __EEPROM_REGION_LENGTH__ = DEFINED (__EEPROM_REGION_LENGTH__)?__EEPROM_REGION_LENGTH__:0x10000
                [0x00000006]                __FUSE_REGION_LENGTH__ = DEFINED (__FUSE_REGION_LENGTH__)?__FUSE_REGION_LENGTH__:0x400
                0x00000400                __LOCK_REGION_LENGTH__ = DEFINED (__LOCK_REGION_LENGTH__)?__LOCK_REGION_LENGTH__:0x400
                0x00000400                __SIGNATURE_REGION_LENGTH__ = DEFINED (__SIGNATURE_REGION_LENGTH__)?__SIGNATURE_REGION_LENGTH__:0x400
                0x00000400                __USER_SIGNATURE_REGION_LENGTH__ = DEFINED (__USER_SIGNATURE_REGION_LENGTH__)?__USER_SIGNATURE_REGION_LENGTH__:0x400

.hash
 *(.hash)

.dynsym
 *(.dynsym)

.dynstr
 *(.dynstr)

.gnu.version
 *(.gnu.version)

.gnu.version_d
 *(.gnu.version_d)

.gnu.version_r
 *(.gnu.version_r)

.rel.init
 *(.rel.init)

.rela.init
 *(.rela.init)

.rel.text
 *(.rel.text)
 *(.rel.text.*)
 *(.rel.gnu.linkonce.t*)

.rela.text
 *(.rela.text)
 *(.rela.text.*)
 *(.rela.gnu.linkonce.t*)

.rel.fini
 *(.rel.fini)

.rela.fini
 *(.rela.fini)

.rel.rodata
 *(.rel.rodata)
 *(.rel.rodata.*)
 *(.rel.gnu.linkonce.r*)

.rela.rodata
 *(.rela.rodata)
 *(.rela.rodata.*)
 *(.rela.gnu.linkonce.r*)

.rel.data
 *(.rel.data)
 *(.rel.data.*)
 *(.rel.gnu.linkonce.d*)

.rela.data
 *(.rela.data)
 *(.rela.data.*)
 *(.rela.gnu.linkonce.d*)

.rel.ctors
 *(.rel.ctors)

.rela.ctors
 *(.rela.ctors)

.rel.dtors
 *(.rel.dtors)

.rela.dtors
 *(.rela.dtors)

.rel.got
 *(.rel.got)

.rela.got
 *(.rela.got)

.rel.bss
 *(.rel.bss)

.rela.bss
 *(.rela.bss)

.rel.plt
 *(.rel.plt)

.rela.plt
 *(.rela.plt)

.text           0x00000000     0x83d8
 *(.vectors)
 .vectors       0x00000000      0x1fc C:/Program Files (x86)/Atmel/Studio/7.0/Packs/atmel/XMEGAA_DFP/1.1.68/gcc/dev/atxmega256a3u/avrxmega6/crtatxmega256a3u.o
                0x00000000                __vector_default
                0x00000000                __vectors
 *(.vectors)
 *(.progmem.gcc*)
 .progmem.gcc_sw_table.udd_ep_get_size
                0x000001fc        0xe src/ASF/xmega/drivers/usb/usb_device.o
 .progmem.gcc_sw_table.pot_set_gain
                0x0000020a       0x10 src/experiment.o
 .progmem.gcc_sw_table.experiment_handler
                0x0000021a       0x94 src/experiment.o
                0x000002ae                . = ALIGN (0x2)
                0x000002ae                __trampolines_start = .
 *(.trampolines)
 .trampolines   0x000002ae        0x0 linker stubs
 *(.trampolines*)
                0x000002ae                __trampolines_end = .
 *libprintf_flt.a:*(.progmem.data)
 *libc.a:*(.progmem.data)
 .progmem.data  0x000002ae        0xc c:/program files (x86)/atmel/studio/7.0/toolchain/avr8/avr8-gnu-toolchain/bin/../lib/gcc/avr/5.4.0/../../../../avr/lib/avrxmega6\libc.a(vfscanf_std.o)
 *(.progmem*)
                0x000002ba                . = ALIGN (0x2)
 *(.jumptables)
 *(.jumptables*)
 *(.lowtext)
 *(.lowtext*)
                0x000002ba                __ctors_start = .
 *(.ctors)
                0x000002ba                __ctors_end = .
                0x000002ba                __dtors_start = .
 *(.dtors)
                0x000002ba                __dtors_end = .
 SORT(*)(.ctors)
 SORT(*)(.dtors)
 *(.init0)
 .init0         0x000002ba        0x0 C:/Program Files (x86)/Atmel/Studio/7.0/Packs/atmel/XMEGAA_DFP/1.1.68/gcc/dev/atxmega256a3u/avrxmega6/crtatxmega256a3u.o
                0x000002ba                __init
 *(.init0)
 *(.init1)
 *(.init1)
 *(.init2)
 .init2         0x000002ba       0x10 C:/Program Files (x86)/Atmel/Studio/7.0/Packs/atmel/XMEGAA_DFP/1.1.68/gcc/dev/atxmega256a3u/avrxmega6/crtatxmega256a3u.o
 *(.init2)
 *(.init3)
 *(.init3)
 *(.init4)
 .init4         0x000002ca       0x1a c:/program files (x86)/atmel/studio/7.0/toolchain/avr8/avr8-gnu-toolchain/bin/../lib/gcc/avr/5.4.0/avrxmega6\libgcc.a(_copy_data.o)
                0x000002ca                __do_copy_data
 .init4         0x000002e4       0x10 c:/program files (x86)/atmel/studio/7.0/toolchain/avr8/avr8-gnu-toolchain/bin/../lib/gcc/avr/5.4.0/avrxmega6\libgcc.a(_clear_bss.o)
                0x000002e4                __do_clear_bss
 *(.init4)
 *(.init5)
 *(.init5)
 *(.init6)
 *(.init6)
 *(.init7)
 *(.init7)
 *(.init8)
 *(.init8)
 *(.init9)
 .init9         0x000002f4        0x8 C:/Program Files (x86)/Atmel/Studio/7.0/Packs/atmel/XMEGAA_DFP/1.1.68/gcc/dev/atxmega256a3u/avrxmega6/crtatxmega256a3u.o
 *(.init9)
 *(.text)
 .text          0x000002fc        0x2 C:/Program Files (x86)/Atmel/Studio/7.0/Packs/atmel/XMEGAA_DFP/1.1.68/gcc/dev/atxmega256a3u/avrxmega6/crtatxmega256a3u.o
                0x000002fc                __vector_38
                0x000002fc                __vector_104
                0x000002fc                __vector_63
                0x000002fc                __vector_28
                0x000002fc                __vector_67
                0x000002fc                __vector_1
                0x000002fc                __vector_119
                0x000002fc                __vector_32
                0x000002fc                __vector_75
                0x000002fc                __vector_71
                0x000002fc                __vector_91
                0x000002fc                __vector_34
                0x000002fc                __vector_62
                0x000002fc                __vector_102
                0x000002fc                __vector_24
                0x000002fc                __vector_12
                0x000002fc                __vector_69
                0x000002fc                __vector_90
                0x000002fc                __bad_interrupt
                0x000002fc                __vector_122
                0x000002fc                __vector_72
                0x000002fc                __vector_114
                0x000002fc                __vector_31
                0x000002fc                __vector_92
                0x000002fc                __vector_35
                0x000002fc                __vector_74
                0x000002fc                __vector_117
                0x000002fc                __vector_39
                0x000002fc                __vector_107
                0x000002fc                __vector_3
                0x000002fc                __vector_105
                0x000002fc                __vector_98
                0x000002fc                __vector_68
                0x000002fc                __vector_30
                0x000002fc                __vector_73
                0x000002fc                __vector_45
                0x000002fc                __vector_25
                0x000002fc                __vector_93
                0x000002fc                __vector_61
                0x000002fc                __vector_99
                0x000002fc                __vector_123
                0x000002fc                __vector_41
                0x000002fc                __vector_100
                0x000002fc                __vector_101
                0x000002fc                __vector_88
                0x000002fc                __vector_43
                0x000002fc                __vector_27
                0x000002fc                __vector_5
                0x000002fc                __vector_33
                0x000002fc                __vector_76
                0x000002fc                __vector_115
                0x000002fc                __vector_37
                0x000002fc                __vector_95
                0x000002fc                __vector_103
                0x000002fc                __vector_96
                0x000002fc                __vector_89
                0x000002fc                __vector_4
                0x000002fc                __vector_44
                0x000002fc                __vector_106
                0x000002fc                __vector_118
                0x000002fc                __vector_2
                0x000002fc                __vector_66
                0x000002fc                __vector_36
                0x000002fc                __vector_58
                0x000002fc                __vector_70
                0x000002fc                __vector_29
                0x000002fc                __vector_60
                0x000002fc                __vector_121
                0x000002fc                __vector_40
                0x000002fc                __vector_94
                0x000002fc                __vector_26
                0x000002fc                __vector_124
                0x000002fc                __vector_116
                0x000002fc                __vector_57
                0x000002fc                __vector_59
                0x000002fc                __vector_97
                0x000002fc                __vector_42
                0x000002fc                __vector_87
                0x000002fc                __vector_65
                0x000002fc                __vector_120
                0x000002fe                . = ALIGN (0x2)
 *(.text.*)
 .text._read    0x000002fe       0x32 src/ASF/common/utils/stdio/read.o
                0x000002fe                _read
 .text.stdio_usb_putchar
                0x00000330       0x30 src/ASF/common/utils/stdio/stdio_usb/stdio_usb.o
                0x00000330                stdio_usb_putchar
 .text.stdio_usb_getchar
                0x00000360       0x20 src/ASF/common/utils/stdio/stdio_usb/stdio_usb.o
                0x00000360                stdio_usb_getchar
 .text.stdio_usb_enable
                0x00000380        0x8 src/ASF/common/utils/stdio/stdio_usb/stdio_usb.o
                0x00000380                stdio_usb_enable
 .text.stdio_usb_init
                0x00000388       0x3e src/ASF/common/utils/stdio/stdio_usb/stdio_usb.o
                0x00000388                stdio_usb_init
 .text._write   0x000003c6       0x24 src/ASF/common/utils/stdio/write.o
                0x000003c6                _write
 .text.max5443_init_pins
                0x000003ea        0xe src/max5443.o
                0x000003ea                max5443_init_pins
 .text.max5443_init_module
                0x000003f8       0x3a src/max5443.o
                0x000003f8                max5443_init_module
 .text.max5443_set_voltage1
                0x00000432       0xc8 src/max5443.o
                0x00000432                max5443_set_voltage1
 .text.update_firmware
                0x000004fa       0x16 src/settings.o
                0x000004fa                update_firmware
 .text.settings_write_eeprom
                0x00000510       0x10 src/settings.o
                0x00000510                settings_write_eeprom
 .text.settings_restore_defaults
                0x00000520       0x60 src/settings.o
                0x00000520                settings_restore_defaults
 .text.settings_read_eeprom
                0x00000580      0x1dc src/settings.o
                0x00000580                settings_read_eeprom
 .text.settings_handler
                0x0000075c       0xd0 src/settings.o
                0x0000075c                settings_handler
 .text.shutter_init
                0x0000082c        0xc src/shutter.o
                0x0000082c                shutter_init
 .text.shutter_open
                0x00000838        0x8 src/shutter.o
                0x00000838                shutter_open
 .text.shutter_close
                0x00000840        0x8 src/shutter.o
                0x00000840                shutter_close
 .text.shutter_cont
                0x00000848      0x13e src/shutter.o
                0x00000848                shutter_cont
 .text.shutter_cont_stop
                0x00000986       0x20 src/shutter.o
                0x00000986                shutter_cont_stop
 .text.tcs_init
                0x000009a6       0x7e src/tcs.o
                0x000009a6                tcs_init
 .text.tcs_readvalues
                0x00000a24       0x78 src/tcs.o
                0x00000a24                tcs_readvalues
 .text.my_callback_cdc_set_rts
                0x00000a9c       0x30 src/usb.o
                0x00000a9c                my_callback_cdc_set_rts
 .text.ReadSignatureByte
                0x00000acc       0x10 src/usb.o
                0x00000acc                ReadSignatureByte
 .text.NVM_GetGUID
                0x00000adc       0x3c src/usb.o
                0x00000adc                NVM_GetGUID
 .text.init_build_usb_serial_number
                0x00000b18       0x1e src/usb.o
                0x00000b18                init_build_usb_serial_number
 .text.__portable_avr_delay_cycles
                0x00000b36        0xc src/ads1255.o
 .text.ads1255_init_pins
                0x00000b42       0x30 src/ads1255.o
                0x00000b42                ads1255_init_pins
 .text.ads1255_init_module
                0x00000b72       0x3a src/ads1255.o
                0x00000b72                ads1255_init_module
 .text.ads1255_sync
                0x00000bac       0x3a src/ads1255.o
                0x00000bac                ads1255_sync
 .text.ads1255_setup
                0x00000be6      0x216 src/ads1255.o
                0x00000be6                ads1255_setup
 .text.ads1255_mux
                0x00000dfc       0xc2 src/ads1255.o
                0x00000dfc                ads1255_mux
 .text.ads1255_standby
                0x00000ebe       0x3a src/ads1255.o
                0x00000ebe                ads1255_standby
 .text.ads1255_wakeup
                0x00000ef8       0x38 src/ads1255.o
                0x00000ef8                ads1255_wakeup
 .text.ads1255_rdatac
                0x00000f30       0x44 src/ads1255.o
                0x00000f30                ads1255_rdatac
 .text.ads1255_read_fast24
                0x00000f74       0x8c src/ads1255.o
                0x00000f74                ads1255_read_fast24
 .text.ads1255_read_single24
                0x00001000       0xba src/ads1255.o
                0x00001000                ads1255_read_single24
 .text.board_init
                0x000010ba        0x2 src/ASF/common/boards/user_board/init.o
                0x000010ba                board_init
 .text.sysclk_init
                0x000010bc       0x94 src/ASF/common/services/clock/xmega/sysclk.o
                0x000010bc                sysclk_init
 .text.sysclk_enable_module
                0x00001150       0x18 src/ASF/common/services/clock/xmega/sysclk.o
                0x00001150                sysclk_enable_module
 .text.sysclk_disable_module
                0x00001168       0x16 src/ASF/common/services/clock/xmega/sysclk.o
                0x00001168                sysclk_disable_module
 .text.sysclk_enable_usb
                0x0000117e       0x5e src/ASF/common/services/clock/xmega/sysclk.o
                0x0000117e                sysclk_enable_usb
 .text.sysclk_disable_usb
                0x000011dc       0x10 src/ASF/common/services/clock/xmega/sysclk.o
                0x000011dc                sysclk_disable_usb
 .text.ioport_configure_port_pin
                0x000011ec       0x4e src/ASF/common/services/ioport/xmega/ioport_compat.o
                0x000011ec                ioport_configure_port_pin
 .text.usart_spi_init
                0x0000123a       0x6e src/ASF/common/services/spi/xmega_usart_spi/usart_spi.o
                0x0000123a                usart_spi_init
 .text.usart_spi_setup_device
                0x000012a8       0x36 src/ASF/common/services/spi/xmega_usart_spi/usart_spi.o
                0x000012a8                usart_spi_setup_device
 .text.usart_spi_write_packet
                0x000012de       0x2e src/ASF/common/services/spi/xmega_usart_spi/usart_spi.o
                0x000012de                usart_spi_write_packet
 .text.usart_spi_select_device
                0x0000130c       0x2c src/ASF/common/services/spi/xmega_usart_spi/usart_spi.o
                0x0000130c                usart_spi_select_device
 .text.usart_spi_deselect_device
                0x00001338       0x2c src/ASF/common/services/spi/xmega_usart_spi/usart_spi.o
                0x00001338                usart_spi_deselect_device
 .text.udi_cdc_comm_enable
                0x00001364       0x56 src/ASF/common/services/usb/class/cdc/device/udi_cdc.o
                0x00001364                udi_cdc_comm_enable
 .text.udi_cdc_comm_disable
                0x000013ba        0xc src/ASF/common/services/usb/class/cdc/device/udi_cdc.o
                0x000013ba                udi_cdc_comm_disable
 .text.udi_cdc_data_disable
                0x000013c6       0x14 src/ASF/common/services/usb/class/cdc/device/udi_cdc.o
                0x000013c6                udi_cdc_data_disable
 .text.udi_cdc_data_setup
                0x000013da        0x4 src/ASF/common/services/usb/class/cdc/device/udi_cdc.o
                0x000013da                udi_cdc_data_setup
 .text.udi_cdc_getsetting
                0x000013de        0x4 src/ASF/common/services/usb/class/cdc/device/udi_cdc.o
                0x000013de                udi_cdc_getsetting
 .text.udi_cdc_line_coding_received
                0x000013e2        0x2 src/ASF/common/services/usb/class/cdc/device/udi_cdc.o
 .text.udi_cdc_tx_send
                0x000013e4       0xfa src/ASF/common/services/usb/class/cdc/device/udi_cdc.o
 .text.udi_cdc_data_sent
                0x000014de       0x30 src/ASF/common/services/usb/class/cdc/device/udi_cdc.o
 .text.udi_cdc_data_sof_notify
                0x0000150e        0x6 src/ASF/common/services/usb/class/cdc/device/udi_cdc.o
                0x0000150e                udi_cdc_data_sof_notify
 .text.udi_cdc_comm_setup
                0x00001514       0xac src/ASF/common/services/usb/class/cdc/device/udi_cdc.o
                0x00001514                udi_cdc_comm_setup
 .text.udi_cdc_multi_is_rx_ready
                0x000015c0       0x26 src/ASF/common/services/usb/class/cdc/device/udi_cdc.o
                0x000015c0                udi_cdc_multi_is_rx_ready
 .text.udi_cdc_rx_start
                0x000015e6       0x8c src/ASF/common/services/usb/class/cdc/device/udi_cdc.o
 .text.udi_cdc_data_enable
                0x00001672       0x60 src/ASF/common/services/usb/class/cdc/device/udi_cdc.o
                0x00001672                udi_cdc_data_enable
 .text.udi_cdc_data_received
                0x000016d2       0x5a src/ASF/common/services/usb/class/cdc/device/udi_cdc.o
 .text.udi_cdc_is_rx_ready
                0x0000172c        0x6 src/ASF/common/services/usb/class/cdc/device/udi_cdc.o
                0x0000172c                udi_cdc_is_rx_ready
 .text.udi_cdc_multi_getc
                0x00001732       0x94 src/ASF/common/services/usb/class/cdc/device/udi_cdc.o
                0x00001732                udi_cdc_multi_getc
 .text.udi_cdc_getc
                0x000017c6        0x6 src/ASF/common/services/usb/class/cdc/device/udi_cdc.o
                0x000017c6                udi_cdc_getc
 .text.udi_cdc_multi_is_tx_ready
                0x000017cc       0x62 src/ASF/common/services/usb/class/cdc/device/udi_cdc.o
                0x000017cc                udi_cdc_multi_is_tx_ready
 .text.udi_cdc_multi_putc
                0x0000182e       0x92 src/ASF/common/services/usb/class/cdc/device/udi_cdc.o
                0x0000182e                udi_cdc_multi_putc
 .text.udi_cdc_putc
                0x000018c0        0x8 src/ASF/common/services/usb/class/cdc/device/udi_cdc.o
                0x000018c0                udi_cdc_putc
 .text.udi_cdc_multi_write_buf
                0x000018c8       0xce src/ASF/common/services/usb/class/cdc/device/udi_cdc.o
                0x000018c8                udi_cdc_multi_write_buf
 .text.udi_cdc_write_buf
                0x00001996        0xa src/ASF/common/services/usb/class/cdc/device/udi_cdc.o
                0x00001996                udi_cdc_write_buf
 .text.udc_next_desc_in_iface
                0x000019a0       0x6a src/ASF/common/services/usb/udc/udc.o
 .text.udc_valid_address
                0x00001a0a        0xc src/ASF/common/services/usb/udc/udc.o
 .text.udc_update_iface_desc
                0x00001a16       0x74 src/ASF/common/services/usb/udc/udc.o
 .text.udc_iface_disable
                0x00001a8a       0x84 src/ASF/common/services/usb/udc/udc.o
 .text.udc_iface_enable
                0x00001b0e       0x66 src/ASF/common/services/usb/udc/udc.o
 .text.udc_start
                0x00001b74        0x6 src/ASF/common/services/usb/udc/udc.o
                0x00001b74                udc_start
 .text.udc_stop
                0x00001b7a        0x6 src/ASF/common/services/usb/udc/udc.o
                0x00001b7a                udc_stop
 .text.udc_reset
                0x00001b80       0x4a src/ASF/common/services/usb/udc/udc.o
                0x00001b80                udc_reset
 .text.udc_sof_notify
                0x00001bca       0x60 src/ASF/common/services/usb/udc/udc.o
                0x00001bca                udc_sof_notify
 .text.udc_process_setup
                0x00001c2a      0x4c2 src/ASF/common/services/usb/udc/udc.o
                0x00001c2a                udc_process_setup
 .text.ccp_write_io
                0x000020ec        0xc src/ASF/xmega/drivers/cpu/ccp.o
                0x000020ec                ccp_write_io
 .text.dma_interrupt
                0x000020f8       0xc0 src/ASF/xmega/drivers/dma/dma.o
 .text.__vector_6
                0x000021b8       0x50 src/ASF/xmega/drivers/dma/dma.o
                0x000021b8                __vector_6
 .text.__vector_7
                0x00002208       0x50 src/ASF/xmega/drivers/dma/dma.o
                0x00002208                __vector_7
 .text.__vector_8
                0x00002258       0x50 src/ASF/xmega/drivers/dma/dma.o
                0x00002258                __vector_8
 .text.__vector_9
                0x000022a8       0x50 src/ASF/xmega/drivers/dma/dma.o
                0x000022a8                __vector_9
 .text.nvm_eeprom_read_buffer
                0x000022f8       0x32 src/ASF/xmega/drivers/nvm/nvm.o
                0x000022f8                nvm_eeprom_read_buffer
 .text.nvm_eeprom_load_page_to_buffer
                0x0000232a       0x30 src/ASF/xmega/drivers/nvm/nvm.o
                0x0000232a                nvm_eeprom_load_page_to_buffer
 .text.nvm_eeprom_atomic_write_page
                0x0000235a       0x3a src/ASF/xmega/drivers/nvm/nvm.o
                0x0000235a                nvm_eeprom_atomic_write_page
 .text.nvm_read_byte
                0x00002394       0x14 src/ASF/xmega/drivers/nvm/nvm_asm.o
                0x00002394                nvm_read_byte
 .text.rtc_set_alarm
                0x000023a8       0x30 src/ASF/xmega/drivers/rtc/rtc.o
                0x000023a8                rtc_set_alarm
 .text.rtc_set_callback
                0x000023d8        0xa src/ASF/xmega/drivers/rtc/rtc.o
                0x000023d8                rtc_set_callback
 .text.rtc_init
                0x000023e2       0x36 src/ASF/xmega/drivers/rtc/rtc.o
                0x000023e2                rtc_init
 .text.__vector_10
                0x00002418       0x3a src/ASF/xmega/drivers/rtc/rtc.o
                0x00002418                __vector_10
 .text.__vector_11
                0x00002452       0xf2 src/ASF/xmega/drivers/rtc/rtc.o
                0x00002452                __vector_11
 .text.__vector_14
                0x00002544       0x5a src/ASF/xmega/drivers/tc/tc.o
                0x00002544                __vector_14
 .text.__vector_15
                0x0000259e       0x5a src/ASF/xmega/drivers/tc/tc.o
                0x0000259e                __vector_15
 .text.__vector_16
                0x000025f8       0x5a src/ASF/xmega/drivers/tc/tc.o
                0x000025f8                __vector_16
 .text.__vector_17
                0x00002652       0x5a src/ASF/xmega/drivers/tc/tc.o
                0x00002652                __vector_17
 .text.__vector_18
                0x000026ac       0x5a src/ASF/xmega/drivers/tc/tc.o
                0x000026ac                __vector_18
 .text.__vector_19
                0x00002706       0x5a src/ASF/xmega/drivers/tc/tc.o
                0x00002706                __vector_19
 .text.__vector_20
                0x00002760       0x5a src/ASF/xmega/drivers/tc/tc.o
                0x00002760                __vector_20
 .text.__vector_21
                0x000027ba       0x5a src/ASF/xmega/drivers/tc/tc.o
                0x000027ba                __vector_21
 .text.__vector_22
                0x00002814       0x5a src/ASF/xmega/drivers/tc/tc.o
                0x00002814                __vector_22
 .text.__vector_23
                0x0000286e       0x5a src/ASF/xmega/drivers/tc/tc.o
                0x0000286e                __vector_23
 .text.__vector_77
                0x000028c8       0x5a src/ASF/xmega/drivers/tc/tc.o
                0x000028c8                __vector_77
 .text.__vector_78
                0x00002922       0x5a src/ASF/xmega/drivers/tc/tc.o
                0x00002922                __vector_78
 .text.__vector_79
                0x0000297c       0x5a src/ASF/xmega/drivers/tc/tc.o
                0x0000297c                __vector_79
 .text.__vector_80
                0x000029d6       0x5a src/ASF/xmega/drivers/tc/tc.o
                0x000029d6                __vector_80
 .text.__vector_81
                0x00002a30       0x5a src/ASF/xmega/drivers/tc/tc.o
                0x00002a30                __vector_81
 .text.__vector_82
                0x00002a8a       0x5a src/ASF/xmega/drivers/tc/tc.o
                0x00002a8a                __vector_82
 .text.__vector_83
                0x00002ae4       0x5a src/ASF/xmega/drivers/tc/tc.o
                0x00002ae4                __vector_83
 .text.__vector_84
                0x00002b3e       0x5a src/ASF/xmega/drivers/tc/tc.o
                0x00002b3e                __vector_84
 .text.__vector_85
                0x00002b98       0x5a src/ASF/xmega/drivers/tc/tc.o
                0x00002b98                __vector_85
 .text.__vector_86
                0x00002bf2       0x5a src/ASF/xmega/drivers/tc/tc.o
                0x00002bf2                __vector_86
 .text.__vector_47
                0x00002c4c       0x5a src/ASF/xmega/drivers/tc/tc.o
                0x00002c4c                __vector_47
 .text.__vector_48
                0x00002ca6       0x5a src/ASF/xmega/drivers/tc/tc.o
                0x00002ca6                __vector_48
 .text.__vector_49
                0x00002d00       0x5a src/ASF/xmega/drivers/tc/tc.o
                0x00002d00                __vector_49
 .text.__vector_50
                0x00002d5a       0x5a src/ASF/xmega/drivers/tc/tc.o
                0x00002d5a                __vector_50
 .text.__vector_51
                0x00002db4       0x5a src/ASF/xmega/drivers/tc/tc.o
                0x00002db4                __vector_51
 .text.__vector_52
                0x00002e0e       0x5a src/ASF/xmega/drivers/tc/tc.o
                0x00002e0e                __vector_52
 .text.__vector_53
                0x00002e68       0x5a src/ASF/xmega/drivers/tc/tc.o
                0x00002e68                __vector_53
 .text.__vector_54
                0x00002ec2       0x5a src/ASF/xmega/drivers/tc/tc.o
                0x00002ec2                __vector_54
 .text.__vector_55
                0x00002f1c       0x5a src/ASF/xmega/drivers/tc/tc.o
                0x00002f1c                __vector_55
 .text.__vector_56
                0x00002f76       0x5a src/ASF/xmega/drivers/tc/tc.o
                0x00002f76                __vector_56
 .text.__vector_108
                0x00002fd0       0x5a src/ASF/xmega/drivers/tc/tc.o
                0x00002fd0                __vector_108
 .text.__vector_109
                0x0000302a       0x5a src/ASF/xmega/drivers/tc/tc.o
                0x0000302a                __vector_109
 .text.__vector_110
                0x00003084       0x5a src/ASF/xmega/drivers/tc/tc.o
                0x00003084                __vector_110
 .text.__vector_111
                0x000030de       0x5a src/ASF/xmega/drivers/tc/tc.o
                0x000030de                __vector_111
 .text.__vector_112
                0x00003138       0x5a src/ASF/xmega/drivers/tc/tc.o
                0x00003138                __vector_112
 .text.__vector_113
                0x00003192       0x5a src/ASF/xmega/drivers/tc/tc.o
                0x00003192                __vector_113
 .text.tc_enable
                0x000031ec       0xd8 src/ASF/xmega/drivers/tc/tc.o
                0x000031ec                tc_enable
 .text.tc_disable
                0x000032c4       0xd8 src/ASF/xmega/drivers/tc/tc.o
                0x000032c4                tc_disable
 .text.tc_set_overflow_interrupt_callback
                0x0000339c       0x7c src/ASF/xmega/drivers/tc/tc.o
                0x0000339c                tc_set_overflow_interrupt_callback
 .text.tc_set_cca_interrupt_callback
                0x00003418       0x7c src/ASF/xmega/drivers/tc/tc.o
                0x00003418                tc_set_cca_interrupt_callback
 .text.twim_interrupt_handler
                0x00003494      0x12e src/ASF/xmega/drivers/twi/twim.o
 .text.__vector_13
                0x000035c2       0x4e src/ASF/xmega/drivers/twi/twim.o
                0x000035c2                __vector_13
 .text.__vector_46
                0x00003610       0x4e src/ASF/xmega/drivers/twi/twim.o
                0x00003610                __vector_46
 .text.twi_master_init
                0x0000365e       0x2a src/ASF/xmega/drivers/twi/twim.o
                0x0000365e                twi_master_init
 .text.twi_master_transfer
                0x00003688       0xb6 src/ASF/xmega/drivers/twi/twim.o
                0x00003688                twi_master_transfer
 .text.usart_putchar
                0x0000373e       0x10 src/ASF/xmega/drivers/usart/usart.o
                0x0000373e                usart_putchar
 .text.usart_spi_set_baudrate
                0x0000374e       0x64 src/ASF/xmega/drivers/usart/usart.o
                0x0000374e                usart_spi_set_baudrate
 .text.usart_init_spi
                0x000037b2      0x18c src/ASF/xmega/drivers/usart/usart.o
                0x000037b2                usart_init_spi
 .text.udd_sleep_mode
                0x0000393e       0x3e src/ASF/xmega/drivers/usb/usb_device.o
 .text.udd_ctrl_init
                0x0000397c       0x4e src/ASF/xmega/drivers/usb/usb_device.o
 .text.udd_ctrl_stall_data
                0x000039ca       0x1c src/ASF/xmega/drivers/usb/usb_device.o
 .text.udd_ctrl_send_zlp_in
                0x000039e6       0x1c src/ASF/xmega/drivers/usb/usb_device.o
 .text.udd_ctrl_endofrequest
                0x00003a02       0x10 src/ASF/xmega/drivers/usb/usb_device.o
 .text.udd_ctrl_in_sent
                0x00003a12       0xd8 src/ASF/xmega/drivers/usb/usb_device.o
 .text.udd_ep_get_size
                0x00003aea       0x52 src/ASF/xmega/drivers/usb/usb_device.o
 .text.udd_ep_get_job
                0x00003b3c       0x36 src/ASF/xmega/drivers/usb/usb_device.o
 .text.udd_ctrl_interrupt_tc_setup
                0x00003b72       0xe0 src/ASF/xmega/drivers/usb/usb_device.o
 .text.udd_ep_trans_complet
                0x00003c52      0x308 src/ASF/xmega/drivers/usb/usb_device.o
 .text.udd_enable
                0x00003f5a       0xd0 src/ASF/xmega/drivers/usb/usb_device.o
                0x00003f5a                udd_enable
 .text.udd_disable
                0x0000402a       0x34 src/ASF/xmega/drivers/usb/usb_device.o
                0x0000402a                udd_disable
 .text.udd_include_vbus_monitoring
                0x0000405e        0x4 src/ASF/xmega/drivers/usb/usb_device.o
                0x0000405e                udd_include_vbus_monitoring
 .text.udd_attach
                0x00004062       0x46 src/ASF/xmega/drivers/usb/usb_device.o
                0x00004062                udd_attach
 .text.udd_detach
                0x000040a8        0xc src/ASF/xmega/drivers/usb/usb_device.o
                0x000040a8                udd_detach
 .text.udd_is_high_speed
                0x000040b4        0x4 src/ASF/xmega/drivers/usb/usb_device.o
                0x000040b4                udd_is_high_speed
 .text.udd_set_address
                0x000040b8        0x6 src/ASF/xmega/drivers/usb/usb_device.o
                0x000040b8                udd_set_address
 .text.udd_getaddress
                0x000040be        0x6 src/ASF/xmega/drivers/usb/usb_device.o
                0x000040be                udd_getaddress
 .text.udd_get_frame_number
                0x000040c4        0xa src/ASF/xmega/drivers/usb/usb_device.o
                0x000040c4                udd_get_frame_number
 .text.udd_get_micro_frame_number
                0x000040ce        0x6 src/ASF/xmega/drivers/usb/usb_device.o
                0x000040ce                udd_get_micro_frame_number
 .text.udd_set_setup_payload
                0x000040d4        0xe src/ASF/xmega/drivers/usb/usb_device.o
                0x000040d4                udd_set_setup_payload
 .text.udd_ep_alloc
                0x000040e2       0xfc src/ASF/xmega/drivers/usb/usb_device.o
                0x000040e2                udd_ep_alloc
 .text.udd_ep_is_halted
                0x000041de       0x36 src/ASF/xmega/drivers/usb/usb_device.o
                0x000041de                udd_ep_is_halted
 .text.udd_ep_clear_halt
                0x00004214       0x6a src/ASF/xmega/drivers/usb/usb_device.o
                0x00004214                udd_ep_clear_halt
 .text.udd_ep_run
                0x0000427e      0x17c src/ASF/xmega/drivers/usb/usb_device.o
                0x0000427e                udd_ep_run
 .text.udd_ep_abort
                0x000043fa       0x9e src/ASF/xmega/drivers/usb/usb_device.o
                0x000043fa                udd_ep_abort
 .text.udd_ep_free
                0x00004498       0x38 src/ASF/xmega/drivers/usb/usb_device.o
                0x00004498                udd_ep_free
 .text.udd_ep_set_halt
                0x000044d0       0x4e src/ASF/xmega/drivers/usb/usb_device.o
                0x000044d0                udd_ep_set_halt
 .text.__vector_125
                0x0000451e      0x168 src/ASF/xmega/drivers/usb/usb_device.o
                0x0000451e                __vector_125
 .text.__vector_126
                0x00004686      0x1ee src/ASF/xmega/drivers/usb/usb_device.o
                0x00004686                __vector_126
 .text.precond_rtc_callback
                0x00004874        0xe src/experiment.o
 .text.tce1_ovf_callback_lsv
                0x00004882       0x26 src/experiment.o
 .text.lsv_cca_callback
                0x000048a8       0x26 src/experiment.o
 .text.ca_cca_callback
                0x000048ce        0xa src/experiment.o
 .text.tcf0_ovf_callback
                0x000048d8        0xe src/experiment.o
 .text.porte_int0_lsv
                0x000048e6       0x7a src/experiment.o
 .text.portd_int0_ca
                0x00004960       0x5a src/experiment.o
 .text._swv_singledir
                0x000049ba      0x220 src/experiment.o
 .text.set_timer_period
                0x00004bda       0xf2 src/experiment.o
                0x00004bda                set_timer_period
 .text.pot_init
                0x00004ccc       0x28 src/experiment.o
                0x00004ccc                pot_init
 .text.pot_set_gain
                0x00004cf4      0x11e src/experiment.o
                0x00004cf4                pot_set_gain
 .text.volt_exp_start
                0x00004e12       0x28 src/experiment.o
                0x00004e12                volt_exp_start
 .text.volt_exp_stop
                0x00004e3a       0x10 src/experiment.o
                0x00004e3a                volt_exp_stop
 .text.pot_exp_start
                0x00004e4a        0xc src/experiment.o
                0x00004e4a                pot_exp_start
 .text.ocp_exp_start
                0x00004e56        0xe src/experiment.o
                0x00004e56                ocp_exp_start
 .text.precond  0x00004e64      0x1b0 src/experiment.o
                0x00004e64                precond
 .text.lsv_experiment
                0x00005014      0x2d6 src/experiment.o
                0x00005014                lsv_experiment
 .text.cv_experiment
                0x000052ea      0x116 src/experiment.o
                0x000052ea                cv_experiment
 .text.pot_experiment
                0x00005400      0x12e src/experiment.o
                0x00005400                pot_experiment
 .text.ca_experiment
                0x0000552e      0x1ce src/experiment.o
                0x0000552e                ca_experiment
 .text.swv_experiment
                0x000056fc      0x1de src/experiment.o
                0x000056fc                swv_experiment
 .text.dpv_experiment
                0x000058da      0x3f4 src/experiment.o
                0x000058da                dpv_experiment
 .text.experiment_handler
                0x00005cce      0xd36 src/experiment.o
                0x00005cce                experiment_handler
 .text.__vector_64
                0x00006a04       0x5a src/experiment.o
                0x00006a04                __vector_64
 .text.ext_twi_init
                0x00006a5e       0x96 src/ext_twi.o
                0x00006a5e                ext_twi_init
 .text.__portable_avr_delay_cycles
                0x00006af4        0xc src/main.o
 .text.main     0x00006b00      0x30a src/main.o
                0x00006b00                main
 .text.avr-libc.fplib
                0x00006e0a        0xa c:/program files (x86)/atmel/studio/7.0/toolchain/avr8/avr8-gnu-toolchain/bin/../lib/gcc/avr/5.4.0/../../../../avr/lib/avrxmega6\libm.a(addsf3.o)
                0x00006e0a                __subsf3
                0x00006e0c                __addsf3
 .text.avr-libc.fplib
                0x00006e14       0xc0 c:/program files (x86)/atmel/studio/7.0/toolchain/avr8/avr8-gnu-toolchain/bin/../lib/gcc/avr/5.4.0/../../../../avr/lib/avrxmega6\libm.a(addsf3x.o)
                0x00006e2e                __addsf3x
 .text.avr-libc.fplib
                0x00006ed4       0x26 c:/program files (x86)/atmel/studio/7.0/toolchain/avr8/avr8-gnu-toolchain/bin/../lib/gcc/avr/5.4.0/../../../../avr/lib/avrxmega6\libm.a(ceil.o)
                0x00006ed4                ceil
 .text.avr-libc.fplib
                0x00006efa        0x8 c:/program files (x86)/atmel/studio/7.0/toolchain/avr8/avr8-gnu-toolchain/bin/../lib/gcc/avr/5.4.0/../../../../avr/lib/avrxmega6\libm.a(cmpsf2.o)
                0x00006efa                __nesf2
                0x00006efa                __eqsf2
                0x00006efa                __cmpsf2
                0x00006efa                __ltsf2
                0x00006efa                __lesf2
 .text.avr-libc.fplib
                0x00006f02        0x4 c:/program files (x86)/atmel/studio/7.0/toolchain/avr8/avr8-gnu-toolchain/bin/../lib/gcc/avr/5.4.0/../../../../avr/lib/avrxmega6\libm.a(divsf3.o)
                0x00006f02                __divsf3
 .text.avr-libc.fplib
                0x00006f06       0xcc c:/program files (x86)/atmel/studio/7.0/toolchain/avr8/avr8-gnu-toolchain/bin/../lib/gcc/avr/5.4.0/../../../../avr/lib/avrxmega6\libm.a(divsf3x.o)
                0x00006f1c                __divsf3x
                0x00006f20                __divsf3_pse
 .text.avr-libc.fplib
                0x00006fd2       0x58 c:/program files (x86)/atmel/studio/7.0/toolchain/avr8/avr8-gnu-toolchain/bin/../lib/gcc/avr/5.4.0/../../../../avr/lib/avrxmega6\libm.a(fixunssfsi.o)
                0x00006fd2                __fixunssfsi
 .text.avr-libc.fplib
                0x0000702a       0x7a c:/program files (x86)/atmel/studio/7.0/toolchain/avr8/avr8-gnu-toolchain/bin/../lib/gcc/avr/5.4.0/../../../../avr/lib/avrxmega6\libm.a(floatsisf.o)
                0x0000702a                __floatunsisf
                0x0000702e                __floatsisf
 .text.avr-libc.fplib
                0x000070a4       0x48 c:/program files (x86)/atmel/studio/7.0/toolchain/avr8/avr8-gnu-toolchain/bin/../lib/gcc/avr/5.4.0/../../../../avr/lib/avrxmega6\libm.a(fp_cmp.o)
                0x000070a4                __fp_cmp
 .text.avr-libc.fplib
                0x000070ec        0xc c:/program files (x86)/atmel/studio/7.0/toolchain/avr8/avr8-gnu-toolchain/bin/../lib/gcc/avr/5.4.0/../../../../avr/lib/avrxmega6\libm.a(fp_inf.o)
                0x000070ec                __fp_inf
 .text.avr-libc.fplib
                0x000070f8       0x36 c:/program files (x86)/atmel/studio/7.0/toolchain/avr8/avr8-gnu-toolchain/bin/../lib/gcc/avr/5.4.0/../../../../avr/lib/avrxmega6\libm.a(fp_mintl.o)
                0x000070f8                __fp_mintl
 .text.avr-libc.fplib
                0x0000712e       0x1c c:/program files (x86)/atmel/studio/7.0/toolchain/avr8/avr8-gnu-toolchain/bin/../lib/gcc/avr/5.4.0/../../../../avr/lib/avrxmega6\libm.a(fp_mpack.o)
                0x0000712e                __fp_mpack
                0x00007132                __fp_mpack_finite
 .text.avr-libc.fplib
                0x0000714a        0x6 c:/program files (x86)/atmel/studio/7.0/toolchain/avr8/avr8-gnu-toolchain/bin/../lib/gcc/avr/5.4.0/../../../../avr/lib/avrxmega6\libm.a(fp_nan.o)
                0x0000714a                __fp_nan
 .text.avr-libc.fplib
                0x00007150        0xe c:/program files (x86)/atmel/studio/7.0/toolchain/avr8/avr8-gnu-toolchain/bin/../lib/gcc/avr/5.4.0/../../../../avr/lib/avrxmega6\libm.a(fp_pscA.o)
                0x00007150                __fp_pscA
 .text.avr-libc.fplib
                0x0000715e        0xe c:/program files (x86)/atmel/studio/7.0/toolchain/avr8/avr8-gnu-toolchain/bin/../lib/gcc/avr/5.4.0/../../../../avr/lib/avrxmega6\libm.a(fp_pscB.o)
                0x0000715e                __fp_pscB
 .text.avr-libc.fplib
                0x0000716c       0x22 c:/program files (x86)/atmel/studio/7.0/toolchain/avr8/avr8-gnu-toolchain/bin/../lib/gcc/avr/5.4.0/../../../../avr/lib/avrxmega6\libm.a(fp_round.o)
                0x0000716c                __fp_round
 .text.avr-libc.fplib
                0x0000718e       0x44 c:/program files (x86)/atmel/studio/7.0/toolchain/avr8/avr8-gnu-toolchain/bin/../lib/gcc/avr/5.4.0/../../../../avr/lib/avrxmega6\libm.a(fp_split3.o)
                0x0000718e                __fp_split3
                0x0000719e                __fp_splitA
 .text.avr-libc.fplib
                0x000071d2       0x2e c:/program files (x86)/atmel/studio/7.0/toolchain/avr8/avr8-gnu-toolchain/bin/../lib/gcc/avr/5.4.0/../../../../avr/lib/avrxmega6\libm.a(fp_trunc.o)
                0x000071d2                __fp_trunc
 .text.avr-libc.fplib
                0x00007200        0xe c:/program files (x86)/atmel/studio/7.0/toolchain/avr8/avr8-gnu-toolchain/bin/../lib/gcc/avr/5.4.0/../../../../avr/lib/avrxmega6\libm.a(fp_zero.o)
                0x00007200                __fp_zero
                0x00007202                __fp_szero
 .text.avr-libc.fplib
                0x0000720e        0x8 c:/program files (x86)/atmel/studio/7.0/toolchain/avr8/avr8-gnu-toolchain/bin/../lib/gcc/avr/5.4.0/../../../../avr/lib/avrxmega6\libm.a(gesf2.o)
                0x0000720e                __gesf2
                0x0000720e                __gtsf2
 .text.avr-libc.fplib
                0x00007216        0x4 c:/program files (x86)/atmel/studio/7.0/toolchain/avr8/avr8-gnu-toolchain/bin/../lib/gcc/avr/5.4.0/../../../../avr/lib/avrxmega6\libm.a(mulsf3.o)
                0x00007216                __mulsf3
 .text.avr-libc.fplib
                0x0000721a       0xc2 c:/program files (x86)/atmel/studio/7.0/toolchain/avr8/avr8-gnu-toolchain/bin/../lib/gcc/avr/5.4.0/../../../../avr/lib/avrxmega6\libm.a(mulsf3x.o)
                0x0000722e                __mulsf3x
                0x00007232                __mulsf3_pse
 .text.libgcc.div
                0x000072dc       0x28 c:/program files (x86)/atmel/studio/7.0/toolchain/avr8/avr8-gnu-toolchain/bin/../lib/gcc/avr/5.4.0/avrxmega6\libgcc.a(_udivmodhi4.o)
                0x000072dc                __udivmodhi4
 .text.libgcc.div
                0x00007304       0x44 c:/program files (x86)/atmel/studio/7.0/toolchain/avr8/avr8-gnu-toolchain/bin/../lib/gcc/avr/5.4.0/avrxmega6\libgcc.a(_udivmodsi4.o)
                0x00007304                __udivmodsi4
 .text.libgcc.div
                0x00007348       0x28 c:/program files (x86)/atmel/studio/7.0/toolchain/avr8/avr8-gnu-toolchain/bin/../lib/gcc/avr/5.4.0/avrxmega6\libgcc.a(_divmodsi4.o)
                0x00007348                __divmodsi4
 .text.libgcc.div
                0x00007370       0x10 c:/program files (x86)/atmel/studio/7.0/toolchain/avr8/avr8-gnu-toolchain/bin/../lib/gcc/avr/5.4.0/avrxmega6\libgcc.a(_negsi2.o)
                0x00007370                __negsi2
 .text.libgcc   0x00007380       0x10 c:/program files (x86)/atmel/studio/7.0/toolchain/avr8/avr8-gnu-toolchain/bin/../lib/gcc/avr/5.4.0/avrxmega6\libgcc.a(_tablejump2.o)
                0x00007380                __tablejump2__
 .text.avr-libc
                0x00007390      0x242 c:/program files (x86)/atmel/studio/7.0/toolchain/avr8/avr8-gnu-toolchain/bin/../lib/gcc/avr/5.4.0/../../../../avr/lib/avrxmega6\libc.a(malloc.o)
                0x00007390                malloc
                0x000074c0                free
 .text.avr-libc
                0x000075d2       0x12 c:/program files (x86)/atmel/studio/7.0/toolchain/avr8/avr8-gnu-toolchain/bin/../lib/gcc/avr/5.4.0/../../../../avr/lib/avrxmega6\libc.a(memcpy.o)
                0x000075d2                memcpy
 .text.avr-libc
                0x000075e4       0x1e c:/program files (x86)/atmel/studio/7.0/toolchain/avr8/avr8-gnu-toolchain/bin/../lib/gcc/avr/5.4.0/../../../../avr/lib/avrxmega6\libc.a(strcspn.o)
                0x000075e4                strcspn
 .text.avr-libc
                0x00007602       0x94 c:/program files (x86)/atmel/studio/7.0/toolchain/avr8/avr8-gnu-toolchain/bin/../lib/gcc/avr/5.4.0/../../../../avr/lib/avrxmega6\libc.a(fdevopen.o)
                0x00007602                fdevopen
 .text.avr-libc
                0x00007696       0x7c c:/program files (x86)/atmel/studio/7.0/toolchain/avr8/avr8-gnu-toolchain/bin/../lib/gcc/avr/5.4.0/../../../../avr/lib/avrxmega6\libc.a(fgetc.o)
                0x00007696                fgetc
 .text.avr-libc
                0x00007712       0x62 c:/program files (x86)/atmel/studio/7.0/toolchain/avr8/avr8-gnu-toolchain/bin/../lib/gcc/avr/5.4.0/../../../../avr/lib/avrxmega6\libc.a(fgets.o)
                0x00007712                fgets
 .text.avr-libc
                0x00007774       0x26 c:/program files (x86)/atmel/studio/7.0/toolchain/avr8/avr8-gnu-toolchain/bin/../lib/gcc/avr/5.4.0/../../../../avr/lib/avrxmega6\libc.a(printf.o)
                0x00007774                printf
 .text.avr-libc
                0x0000779a        0xa c:/program files (x86)/atmel/studio/7.0/toolchain/avr8/avr8-gnu-toolchain/bin/../lib/gcc/avr/5.4.0/../../../../avr/lib/avrxmega6\libc.a(putchar.o)
                0x0000779a                putchar
 .text.avr-libc
                0x000077a4       0x60 c:/program files (x86)/atmel/studio/7.0/toolchain/avr8/avr8-gnu-toolchain/bin/../lib/gcc/avr/5.4.0/../../../../avr/lib/avrxmega6\libc.a(puts.o)
                0x000077a4                puts
 .text.avr-libc
                0x00007804       0x26 c:/program files (x86)/atmel/studio/7.0/toolchain/avr8/avr8-gnu-toolchain/bin/../lib/gcc/avr/5.4.0/../../../../avr/lib/avrxmega6\libc.a(scanf.o)
                0x00007804                scanf
 .text.avr-libc
                0x0000782a       0x36 c:/program files (x86)/atmel/studio/7.0/toolchain/avr8/avr8-gnu-toolchain/bin/../lib/gcc/avr/5.4.0/../../../../avr/lib/avrxmega6\libc.a(sscanf.o)
                0x0000782a                sscanf
 .text.avr-libc
                0x00007860      0x3ee c:/program files (x86)/atmel/studio/7.0/toolchain/avr8/avr8-gnu-toolchain/bin/../lib/gcc/avr/5.4.0/../../../../avr/lib/avrxmega6\libc.a(vfprintf_std.o)
                0x00007860                vfprintf
 .text.avr-libc
                0x00007c4e      0x586 c:/program files (x86)/atmel/studio/7.0/toolchain/avr8/avr8-gnu-toolchain/bin/../lib/gcc/avr/5.4.0/../../../../avr/lib/avrxmega6\libc.a(vfscanf_std.o)
                0x00007fa6                vfscanf
 .text.avr-libc
                0x000081d4       0x34 c:/program files (x86)/atmel/studio/7.0/toolchain/avr8/avr8-gnu-toolchain/bin/../lib/gcc/avr/5.4.0/../../../../avr/lib/avrxmega6\libc.a(calloc.o)
                0x000081d4                calloc
 .text.avr-libc
                0x00008208       0x10 c:/program files (x86)/atmel/studio/7.0/toolchain/avr8/avr8-gnu-toolchain/bin/../lib/gcc/avr/5.4.0/../../../../avr/lib/avrxmega6\libc.a(isspace.o)
                0x00008208                isspace
 .text.avr-libc
                0x00008218       0x16 c:/program files (x86)/atmel/studio/7.0/toolchain/avr8/avr8-gnu-toolchain/bin/../lib/gcc/avr/5.4.0/../../../../avr/lib/avrxmega6\libc.a(strchr_P.o)
                0x00008218                strchr_P
 .text.avr-libc
                0x0000822e       0x16 c:/program files (x86)/atmel/studio/7.0/toolchain/avr8/avr8-gnu-toolchain/bin/../lib/gcc/avr/5.4.0/../../../../avr/lib/avrxmega6\libc.a(strnlen_P.o)
                0x0000822e                strnlen_P
 .text.avr-libc
                0x00008244        0xe c:/program files (x86)/atmel/studio/7.0/toolchain/avr8/avr8-gnu-toolchain/bin/../lib/gcc/avr/5.4.0/../../../../avr/lib/avrxmega6\libc.a(memset.o)
                0x00008244                memset
 .text.avr-libc
                0x00008252       0x16 c:/program files (x86)/atmel/studio/7.0/toolchain/avr8/avr8-gnu-toolchain/bin/../lib/gcc/avr/5.4.0/../../../../avr/lib/avrxmega6\libc.a(strnlen.o)
                0x00008252                strnlen
 .text.avr-libc
                0x00008268       0x78 c:/program files (x86)/atmel/studio/7.0/toolchain/avr8/avr8-gnu-toolchain/bin/../lib/gcc/avr/5.4.0/../../../../avr/lib/avrxmega6\libc.a(fputc.o)
                0x00008268                fputc
 .text.avr-libc
                0x000082e0       0x32 c:/program files (x86)/atmel/studio/7.0/toolchain/avr8/avr8-gnu-toolchain/bin/../lib/gcc/avr/5.4.0/../../../../avr/lib/avrxmega6\libc.a(ungetc.o)
                0x000082e0                ungetc
 .text.avr-libc
                0x00008312       0xbc c:/program files (x86)/atmel/studio/7.0/toolchain/avr8/avr8-gnu-toolchain/bin/../lib/gcc/avr/5.4.0/../../../../avr/lib/avrxmega6\libc.a(ultoa_invert.o)
                0x00008312                __ultoa_invert
 .text.avr-libc
                0x000083ce        0x6 c:/program files (x86)/atmel/studio/7.0/toolchain/avr8/avr8-gnu-toolchain/bin/../lib/gcc/avr/5.4.0/../../../../avr/lib/avrxmega6\libc.a(cty_isfalse.o)
                0x000083ce                __ctype_isfalse
                0x000083d2                __ctype_istrue
                0x000083d4                . = ALIGN (0x2)
 *(.fini9)
 .fini9         0x000083d4        0x0 c:/program files (x86)/atmel/studio/7.0/toolchain/avr8/avr8-gnu-toolchain/bin/../lib/gcc/avr/5.4.0/avrxmega6\libgcc.a(_exit.o)
                0x000083d4                _exit
                0x000083d4                exit
 *(.fini9)
 *(.fini8)
 *(.fini8)
 *(.fini7)
 *(.fini7)
 *(.fini6)
 *(.fini6)
 *(.fini5)
 *(.fini5)
 *(.fini4)
 *(.fini4)
 *(.fini3)
 *(.fini3)
 *(.fini2)
 *(.fini2)
 *(.fini1)
 *(.fini1)
 *(.fini0)
 .fini0         0x000083d4        0x4 c:/program files (x86)/atmel/studio/7.0/toolchain/avr8/avr8-gnu-toolchain/bin/../lib/gcc/avr/5.4.0/avrxmega6\libgcc.a(_exit.o)
 *(.fini0)
                0x000083d8                _etext = .

.data           0x00802000      0x79e load address 0x000083d8
                0x00802000                PROVIDE (__data_start, .)
 *(.data)
 .data          0x00802000        0x6 c:/program files (x86)/atmel/studio/7.0/toolchain/avr8/avr8-gnu-toolchain/bin/../lib/gcc/avr/5.4.0/../../../../avr/lib/avrxmega6\libc.a(malloc.o)
                0x00802000                __malloc_heap_end
                0x00802002                __malloc_heap_start
                0x00802004                __malloc_margin
 *(.data*)
 .data.spi_device_conf_c
                0x00802006        0x1 src/max5443.o
                0x00802006                spi_device_conf_c
 .data.start_bootloader
                0x00802007        0x2 src/settings.o
                0x00802007                start_bootloader
 .data.spi_device_conf
                0x00802009        0x1 src/ads1255.o
                0x00802009                spi_device_conf
 .data.udi_api_cdc_data
                0x0080200a        0xa src/ASF/common/services/usb/class/cdc/device/udi_cdc.o
                0x0080200a                udi_api_cdc_data
 .data.udi_api_cdc_comm
                0x00802014        0xa src/ASF/common/services/usb/class/cdc/device/udi_cdc.o
                0x00802014                udi_api_cdc_comm
 .data.udc_config
                0x0080201e        0x4 src/ASF/common/services/usb/class/cdc/device/udi_cdc_desc.o
                0x0080201e                udc_config
 .data.udc_config_fs
                0x00802022        0x4 src/ASF/common/services/usb/class/cdc/device/udi_cdc_desc.o
                0x00802022                udc_config_fs
 .data.udi_apis
                0x00802026        0x4 src/ASF/common/services/usb/class/cdc/device/udi_cdc_desc.o
                0x00802026                udi_apis
 .data.udc_desc_fs
                0x0080202a       0x44 src/ASF/common/services/usb/class/cdc/device/udi_cdc_desc.o
                0x0080202a                udc_desc_fs
 .data.udc_device_desc
                0x0080206e       0x12 src/ASF/common/services/usb/class/cdc/device/udi_cdc_desc.o
                0x0080206e                udc_device_desc
 .data.udc_string_desc
                0x00802080       0x16 src/ASF/common/services/usb/udc/udc.o
 .data.udc_string_product_name
                0x00802096        0x6 src/ASF/common/services/usb/udc/udc.o
 .data.udc_string_manufacturer_name
                0x0080209c        0xb src/ASF/common/services/usb/udc/udc.o
 *fill*         0x008020a7        0x1 
 .data.udc_string_desc_languageid
                0x008020a8        0x4 src/ASF/common/services/usb/udc/udc.o
 .data.up       0x008020ac        0x1 src/experiment.o
                0x008020ac                up
 .data.autogain_enable
                0x008020ad        0x1 src/experiment.o
                0x008020ad                autogain_enable
 .data.g_gain   0x008020ae        0x2 src/experiment.o
                0x008020ae                g_gain
 *(.gnu.linkonce.d*)
 *(.rodata)
 *(.rodata*)
 .rodata.str1.1
                0x008020b0      0x292 src/settings.o
 .rodata.str1.1
                0x00802342       0x24 src/shutter.o
 .rodata.str1.1
                0x00802366       0x42 src/ads1255.o
 .rodata.str1.1
                0x008023a8      0x339 src/experiment.o
                                0x368 (size before relaxing)
 .rodata.str1.1
                0x008026e1       0x1a src/ext_twi.o
 .rodata.str1.1
                0x008026fb       0xa2 src/main.o
                                 0xbf (size before relaxing)
 *(.gnu.linkonce.r*)
                0x0080279e                . = ALIGN (0x2)
 *fill*         0x0080279d        0x1 
                0x0080279e                _edata = .
                0x0080279e                PROVIDE (__data_end, .)

.bss            0x0080279e      0x73c
                0x0080279e                PROVIDE (__bss_start, .)
 *(.bss)
 *(.bss*)
 .bss.stdio_usb_interface_enable
                0x0080279e        0x1 src/ASF/common/utils/stdio/stdio_usb/stdio_usb.o
 .bss.buffer.5926
                0x0080279f        0x2 src/max5443.o
 .bss.connected.5003
                0x008027a1        0x1 src/usb.o
 .bss.sample_delay_ms_100div
                0x008027a2        0x2 src/ads1255.o
                0x008027a2                sample_delay_ms_100div
 .bss.udi_cdc_tx_both_buf_to_send
                0x008027a4        0x1 src/ASF/common/services/usb/class/cdc/device/udi_cdc.o
 .bss.udi_cdc_tx_trans_ongoing
                0x008027a5        0x1 src/ASF/common/services/usb/class/cdc/device/udi_cdc.o
 .bss.udi_cdc_tx_sof_num
                0x008027a6        0x2 src/ASF/common/services/usb/class/cdc/device/udi_cdc.o
 .bss.udi_cdc_tx_buf_sel
                0x008027a8        0x1 src/ASF/common/services/usb/class/cdc/device/udi_cdc.o
 .bss.udi_cdc_tx_buf_nb
                0x008027a9        0x4 src/ASF/common/services/usb/class/cdc/device/udi_cdc.o
 *fill*         0x008027ad        0x1 
 .bss.udi_cdc_tx_buf
                0x008027ae      0x280 src/ASF/common/services/usb/class/cdc/device/udi_cdc.o
 .bss.udi_cdc_rx_trans_ongoing
                0x00802a2e        0x1 src/ASF/common/services/usb/class/cdc/device/udi_cdc.o
 .bss.udi_cdc_rx_pos
                0x00802a2f        0x2 src/ASF/common/services/usb/class/cdc/device/udi_cdc.o
 .bss.udi_cdc_rx_buf_sel
                0x00802a31        0x1 src/ASF/common/services/usb/class/cdc/device/udi_cdc.o
 .bss.udi_cdc_rx_buf_nb
                0x00802a32        0x4 src/ASF/common/services/usb/class/cdc/device/udi_cdc.o
 .bss.udi_cdc_rx_buf
                0x00802a36      0x280 src/ASF/common/services/usb/class/cdc/device/udi_cdc.o
 .bss.udi_cdc_data_running
                0x00802cb6        0x1 src/ASF/common/services/usb/class/cdc/device/udi_cdc.o
 .bss.udi_cdc_nb_data_enabled
                0x00802cb7        0x1 src/ASF/common/services/usb/class/cdc/device/udi_cdc.o
 .bss.udi_cdc_nb_comm_enabled
                0x00802cb8        0x1 src/ASF/common/services/usb/class/cdc/device/udi_cdc.o
 *fill*         0x00802cb9        0x1 
 .bss.uid_cdc_state_msg
                0x00802cba        0xa src/ASF/common/services/usb/class/cdc/device/udi_cdc.o
 .bss.udi_cdc_state
                0x00802cc4        0x2 src/ASF/common/services/usb/class/cdc/device/udi_cdc.o
 .bss.udi_cdc_line_coding
                0x00802cc6        0x7 src/ASF/common/services/usb/class/cdc/device/udi_cdc.o
 .bss.udc_ep_status.5198
                0x00802ccd        0x2 src/ASF/common/services/usb/udc/udc.o
 .bss.udc_iface_setting.5257
                0x00802ccf        0x1 src/ASF/common/services/usb/udc/udc.o
 .bss.udc_ptr_iface
                0x00802cd0        0x2 src/ASF/common/services/usb/udc/udc.o
 .bss.udc_ptr_conf
                0x00802cd2        0x2 src/ASF/common/services/usb/udc/udc.o
 .bss.udc_num_configuration
                0x00802cd4        0x1 src/ASF/common/services/usb/udc/udc.o
 .bss.udc_device_status
                0x00802cd5        0x2 src/ASF/common/services/usb/udc/udc.o
 .bss.tc_tcf0_ccd_callback
                0x00802cd7        0x2 src/ASF/xmega/drivers/tc/tc.o
 .bss.tc_tcf0_ccc_callback
                0x00802cd9        0x2 src/ASF/xmega/drivers/tc/tc.o
 .bss.tc_tcf0_ccb_callback
                0x00802cdb        0x2 src/ASF/xmega/drivers/tc/tc.o
 .bss.tc_tcf0_cca_callback
                0x00802cdd        0x2 src/ASF/xmega/drivers/tc/tc.o
 .bss.tc_tcf0_err_callback
                0x00802cdf        0x2 src/ASF/xmega/drivers/tc/tc.o
 .bss.tc_tcf0_ovf_callback
                0x00802ce1        0x2 src/ASF/xmega/drivers/tc/tc.o
 .bss.tc_tce1_ccb_callback
                0x00802ce3        0x2 src/ASF/xmega/drivers/tc/tc.o
 .bss.tc_tce1_cca_callback
                0x00802ce5        0x2 src/ASF/xmega/drivers/tc/tc.o
 .bss.tc_tce1_err_callback
                0x00802ce7        0x2 src/ASF/xmega/drivers/tc/tc.o
 .bss.tc_tce1_ovf_callback
                0x00802ce9        0x2 src/ASF/xmega/drivers/tc/tc.o
 .bss.tc_tce0_ccd_callback
                0x00802ceb        0x2 src/ASF/xmega/drivers/tc/tc.o
 .bss.tc_tce0_ccc_callback
                0x00802ced        0x2 src/ASF/xmega/drivers/tc/tc.o
 .bss.tc_tce0_ccb_callback
                0x00802cef        0x2 src/ASF/xmega/drivers/tc/tc.o
 .bss.tc_tce0_cca_callback
                0x00802cf1        0x2 src/ASF/xmega/drivers/tc/tc.o
 .bss.tc_tce0_err_callback
                0x00802cf3        0x2 src/ASF/xmega/drivers/tc/tc.o
 .bss.tc_tce0_ovf_callback
                0x00802cf5        0x2 src/ASF/xmega/drivers/tc/tc.o
 .bss.tc_tcd1_ccb_callback
                0x00802cf7        0x2 src/ASF/xmega/drivers/tc/tc.o
 .bss.tc_tcd1_cca_callback
                0x00802cf9        0x2 src/ASF/xmega/drivers/tc/tc.o
 .bss.tc_tcd1_err_callback
                0x00802cfb        0x2 src/ASF/xmega/drivers/tc/tc.o
 .bss.tc_tcd1_ovf_callback
                0x00802cfd        0x2 src/ASF/xmega/drivers/tc/tc.o
 .bss.tc_tcd0_ccd_callback
                0x00802cff        0x2 src/ASF/xmega/drivers/tc/tc.o
 .bss.tc_tcd0_ccc_callback
                0x00802d01        0x2 src/ASF/xmega/drivers/tc/tc.o
 .bss.tc_tcd0_ccb_callback
                0x00802d03        0x2 src/ASF/xmega/drivers/tc/tc.o
 .bss.tc_tcd0_cca_callback
                0x00802d05        0x2 src/ASF/xmega/drivers/tc/tc.o
 .bss.tc_tcd0_err_callback
                0x00802d07        0x2 src/ASF/xmega/drivers/tc/tc.o
 .bss.tc_tcd0_ovf_callback
                0x00802d09        0x2 src/ASF/xmega/drivers/tc/tc.o
 .bss.tc_tcc1_ccb_callback
                0x00802d0b        0x2 src/ASF/xmega/drivers/tc/tc.o
 .bss.tc_tcc1_cca_callback
                0x00802d0d        0x2 src/ASF/xmega/drivers/tc/tc.o
 .bss.tc_tcc1_err_callback
                0x00802d0f        0x2 src/ASF/xmega/drivers/tc/tc.o
 .bss.tc_tcc1_ovf_callback
                0x00802d11        0x2 src/ASF/xmega/drivers/tc/tc.o
 .bss.tc_tcc0_ccd_callback
                0x00802d13        0x2 src/ASF/xmega/drivers/tc/tc.o
 .bss.tc_tcc0_ccc_callback
                0x00802d15        0x2 src/ASF/xmega/drivers/tc/tc.o
 .bss.tc_tcc0_ccb_callback
                0x00802d17        0x2 src/ASF/xmega/drivers/tc/tc.o
 .bss.tc_tcc0_cca_callback
                0x00802d19        0x2 src/ASF/xmega/drivers/tc/tc.o
 .bss.tc_tcc0_err_callback
                0x00802d1b        0x2 src/ASF/xmega/drivers/tc/tc.o
 .bss.tc_tcc0_ovf_callback
                0x00802d1d        0x2 src/ASF/xmega/drivers/tc/tc.o
 .bss.transfer  0x00802d1f        0xb src/ASF/xmega/drivers/twi/twim.o
 .bss.b_shortpacket.5912
                0x00802d2a        0x1 src/ASF/xmega/drivers/usb/usb_device.o
 .bss.udd_ep_out_cache_buffer
                0x00802d2b       0x80 src/ASF/xmega/drivers/usb/usb_device.o
 .bss.udd_ep_job
                0x00802dab       0x24 src/ASF/xmega/drivers/usb/usb_device.o
 .bss.udd_ctrl_buffer
                0x00802dcf       0x40 src/ASF/xmega/drivers/usb/usb_device.o
 .bss.udd_ctrl_payload_nb_trans
                0x00802e0f        0x2 src/ASF/xmega/drivers/usb/usb_device.o
 .bss.udd_ctrl_prev_payload_nb_trans
                0x00802e11        0x2 src/ASF/xmega/drivers/usb/usb_device.o
 .bss.udd_ep_control_state
                0x00802e13        0x1 src/ASF/xmega/drivers/usb/usb_device.o
 .bss.udd_sram  0x00802e14       0x40 src/ASF/xmega/drivers/usb/usb_device.o
 .bss.udd_b_idle
                0x00802e54        0x1 src/ASF/xmega/drivers/usb/usb_device.o
 .bss.last_value.7066
                0x00802e55        0x2 src/experiment.o
 .bss.u6.6933   0x00802e57        0x2 src/experiment.o
 .bss.u5.6932   0x00802e59        0x2 src/experiment.o
 .bss.p3.6927   0x00802e5b        0x2 src/experiment.o
 .bss.u4.6931   0x00802e5d        0x2 src/experiment.o
 .bss.p5.6934   0x00802e5f        0x1 src/experiment.o
 .bss.p2.6926   0x00802e60        0x2 src/experiment.o
 .bss.p1.6925   0x00802e62        0x2 src/experiment.o
 .bss.u3.6930   0x00802e64        0x2 src/experiment.o
 .bss.u2.6929   0x00802e66        0x2 src/experiment.o
 .bss.u1.6928   0x00802e68        0x2 src/experiment.o
 .bss.pcv2.6939
                0x00802e6a        0x2 src/experiment.o
 .bss.pcv1.6938
                0x00802e6c        0x2 src/experiment.o
 .bss.pct2.6941
                0x00802e6e        0x2 src/experiment.o
 .bss.pct1.6940
                0x00802e70        0x2 src/experiment.o
 .bss.o3.6937   0x00802e72        0x1 src/experiment.o
 .bss.o2.6936   0x00802e73        0x1 src/experiment.o
 .bss.o1.6935   0x00802e74        0x1 src/experiment.o
 .bss.portd_int0_callback
                0x00802e75        0x2 src/experiment.o
 .bss.g_short   0x00802e77        0x1 src/experiment.o
                0x00802e77                g_short
 *(COMMON)
 COMMON         0x00802e78        0x2 src/ASF/common/utils/stdio/read.o
                0x00802e78                ptr_get
 COMMON         0x00802e7a        0xa src/ASF/common/utils/stdio/stdio_usb/stdio_usb.o
                0x00802e7a                serial_number
 COMMON         0x00802e84        0x4 src/ASF/common/utils/stdio/write.o
                0x00802e84                ptr_put
                0x00802e86                stdio_base
 COMMON         0x00802e88       0x20 src/max5443.o
                0x00802e88                settings
 COMMON         0x00802ea8        0x6 src/ASF/common/services/sleepmgr/xmega/sleepmgr.o
                0x00802ea8                sleepmgr_locks
 COMMON         0x00802eae        0x8 src/ASF/xmega/drivers/dma/dma.o
                0x00802eae                dma_data
 COMMON         0x00802eb6        0x8 src/ASF/xmega/drivers/rtc/rtc.o
                0x00802eb6                rtc_data
 COMMON         0x00802ebe       0x10 src/ASF/xmega/drivers/usb/usb_device.o
                0x00802ebe                udd_g_ctrlreq
 COMMON         0x00802ece        0x2 src/experiment.o
                0x00802ece                idle_volts
 COMMON         0x00802ed0        0x4 c:/program files (x86)/atmel/studio/7.0/toolchain/avr8/avr8-gnu-toolchain/bin/../lib/gcc/avr/5.4.0/../../../../avr/lib/avrxmega6\libc.a(malloc.o)
                0x00802ed0                __brkval
                0x00802ed2                __flp
 COMMON         0x00802ed4        0x6 c:/program files (x86)/atmel/studio/7.0/toolchain/avr8/avr8-gnu-toolchain/bin/../lib/gcc/avr/5.4.0/../../../../avr/lib/avrxmega6\libc.a(iob.o)
                0x00802ed4                __iob
                0x00802eda                PROVIDE (__bss_end, .)
                0x000083d8                __data_load_start = LOADADDR (.data)
                0x00008b76                __data_load_end = (__data_load_start + SIZEOF (.data))

.noinit         0x00802eda        0x0
                [!provide]                PROVIDE (__noinit_start, .)
 *(.noinit*)
                [!provide]                PROVIDE (__noinit_end, .)
                0x00802eda                _end = .
                0x00802eda                PROVIDE (__heap_start, .)

.eeprom         0x00810000        0x0
 *(.eeprom*)
                0x00810000                __eeprom_end = .

.fuse
 *(.fuse)
 *(.lfuse)
 *(.hfuse)
 *(.efuse)

.lock
 *(.lock*)

.signature
 *(.signature*)

.user_signatures
 *(.user_signatures*)

.stab
 *(.stab)

.stabstr
 *(.stabstr)

.stab.excl
 *(.stab.excl)

.stab.exclstr
 *(.stab.exclstr)

.stab.index
 *(.stab.index)

.stab.indexstr
 *(.stab.indexstr)

.comment        0x00000000       0x5c
 *(.comment)
 .comment       0x00000000       0x30 src/ASF/common/utils/stdio/read.o
                                 0x31 (size before relaxing)
 .comment       0x00000030       0x31 src/ASF/common/utils/stdio/stdio_usb/stdio_usb.o
 .comment       0x00000030       0x31 src/ASF/common/utils/stdio/write.o
 .comment       0x00000030       0x31 src/max5443.o
 .comment       0x00000030       0x31 src/settings.o
 .comment       0x00000030       0x31 src/shutter.o
 .comment       0x00000030       0x31 src/tcs.o
 .comment       0x00000030       0x31 src/usb.o
 .comment       0x00000030       0x31 src/ads1255.o
 .comment       0x00000030       0x31 src/ASF/common/boards/user_board/init.o
 .comment       0x00000030       0x31 src/ASF/common/services/clock/xmega/sysclk.o
 .comment       0x00000030       0x31 src/ASF/common/services/ioport/xmega/ioport_compat.o
 .comment       0x00000030       0x31 src/ASF/common/services/sleepmgr/xmega/sleepmgr.o
 .comment       0x00000030       0x31 src/ASF/common/services/spi/xmega_usart_spi/usart_spi.o
 .comment       0x00000030       0x31 src/ASF/common/services/usb/class/cdc/device/udi_cdc.o
 .comment       0x00000030       0x31 src/ASF/common/services/usb/class/cdc/device/udi_cdc_desc.o
 .comment       0x00000030       0x31 src/ASF/common/services/usb/udc/udc.o
 .comment       0x00000030       0x31 src/ASF/xmega/drivers/dma/dma.o
 .comment       0x00000030       0x31 src/ASF/xmega/drivers/nvm/nvm.o
 .comment       0x00000030       0x31 src/ASF/xmega/drivers/rtc/rtc.o
 .comment       0x00000030       0x31 src/ASF/xmega/drivers/tc/tc.o
 .comment       0x00000030       0x31 src/ASF/xmega/drivers/twi/twim.o
 .comment       0x00000030       0x31 src/ASF/xmega/drivers/usart/usart.o
 .comment       0x00000030       0x31 src/ASF/xmega/drivers/usb/usb_device.o
 .comment       0x00000030       0x31 src/experiment.o
 .comment       0x00000030       0x31 src/ext_twi.o
 .comment       0x00000030       0x31 src/main.o
 .comment       0x00000030       0x31 c:/program files (x86)/atmel/studio/7.0/toolchain/avr8/avr8-gnu-toolchain/bin/../lib/gcc/avr/5.4.0/../../../../avr/lib/avrxmega6\libc.a(malloc.o)
 .comment       0x00000030       0x31 c:/program files (x86)/atmel/studio/7.0/toolchain/avr8/avr8-gnu-toolchain/bin/../lib/gcc/avr/5.4.0/../../../../avr/lib/avrxmega6\libc.a(fdevopen.o)
 .comment       0x00000030       0x31 c:/program files (x86)/atmel/studio/7.0/toolchain/avr8/avr8-gnu-toolchain/bin/../lib/gcc/avr/5.4.0/../../../../avr/lib/avrxmega6\libc.a(fgetc.o)
 .comment       0x00000030       0x31 c:/program files (x86)/atmel/studio/7.0/toolchain/avr8/avr8-gnu-toolchain/bin/../lib/gcc/avr/5.4.0/../../../../avr/lib/avrxmega6\libc.a(fgets.o)
 .comment       0x00000030       0x31 c:/program files (x86)/atmel/studio/7.0/toolchain/avr8/avr8-gnu-toolchain/bin/../lib/gcc/avr/5.4.0/../../../../avr/lib/avrxmega6\libc.a(iob.o)
 .comment       0x00000030       0x31 c:/program files (x86)/atmel/studio/7.0/toolchain/avr8/avr8-gnu-toolchain/bin/../lib/gcc/avr/5.4.0/../../../../avr/lib/avrxmega6\libc.a(printf.o)
 .comment       0x00000030       0x31 c:/program files (x86)/atmel/studio/7.0/toolchain/avr8/avr8-gnu-toolchain/bin/../lib/gcc/avr/5.4.0/../../../../avr/lib/avrxmega6\libc.a(putchar.o)
 .comment       0x00000030       0x31 c:/program files (x86)/atmel/studio/7.0/toolchain/avr8/avr8-gnu-toolchain/bin/../lib/gcc/avr/5.4.0/../../../../avr/lib/avrxmega6\libc.a(puts.o)
 .comment       0x00000030       0x31 c:/program files (x86)/atmel/studio/7.0/toolchain/avr8/avr8-gnu-toolchain/bin/../lib/gcc/avr/5.4.0/../../../../avr/lib/avrxmega6\libc.a(scanf.o)
 .comment       0x00000030       0x31 c:/program files (x86)/atmel/studio/7.0/toolchain/avr8/avr8-gnu-toolchain/bin/../lib/gcc/avr/5.4.0/../../../../avr/lib/avrxmega6\libc.a(sscanf.o)
 .comment       0x00000030       0x2c c:/program files (x86)/atmel/studio/7.0/toolchain/avr8/avr8-gnu-toolchain/bin/../lib/gcc/avr/5.4.0/../../../../avr/lib/avrxmega6\libc.a(vfprintf_std.o)
                                 0x2d (size before relaxing)
 .comment       0x0000005c       0x2d c:/program files (x86)/atmel/studio/7.0/toolchain/avr8/avr8-gnu-toolchain/bin/../lib/gcc/avr/5.4.0/../../../../avr/lib/avrxmega6\libc.a(vfscanf_std.o)
 .comment       0x0000005c       0x31 c:/program files (x86)/atmel/studio/7.0/toolchain/avr8/avr8-gnu-toolchain/bin/../lib/gcc/avr/5.4.0/../../../../avr/lib/avrxmega6\libc.a(calloc.o)
 .comment       0x0000005c       0x31 c:/program files (x86)/atmel/studio/7.0/toolchain/avr8/avr8-gnu-toolchain/bin/../lib/gcc/avr/5.4.0/../../../../avr/lib/avrxmega6\libc.a(fputc.o)
 .comment       0x0000005c       0x31 c:/program files (x86)/atmel/studio/7.0/toolchain/avr8/avr8-gnu-toolchain/bin/../lib/gcc/avr/5.4.0/../../../../avr/lib/avrxmega6\libc.a(ungetc.o)

.note.gnu.avr.deviceinfo
                0x00000000       0x40
 .note.gnu.avr.deviceinfo
                0x00000000       0x40 C:/Program Files (x86)/Atmel/Studio/7.0/Packs/atmel/XMEGAA_DFP/1.1.68/gcc/dev/atxmega256a3u/avrxmega6/crtatxmega256a3u.o

.note.gnu.build-id
 *(.note.gnu.build-id)

.debug
 *(.debug)

.line
 *(.line)

.debug_srcinfo
 *(.debug_srcinfo)

.debug_sfnames
 *(.debug_sfnames)

.debug_aranges  0x00000000      0xaf0
 *(.debug_aranges)
 .debug_aranges
                0x00000000       0x20 src/ASF/common/utils/stdio/read.o
 .debug_aranges
                0x00000020       0x48 src/ASF/common/utils/stdio/stdio_usb/stdio_usb.o
 .debug_aranges
                0x00000068       0x20 src/ASF/common/utils/stdio/write.o
 .debug_aranges
                0x00000088       0x30 src/max5443.o
 .debug_aranges
                0x000000b8       0x40 src/settings.o
 .debug_aranges
                0x000000f8       0x40 src/shutter.o
 .debug_aranges
                0x00000138       0x28 src/tcs.o
 .debug_aranges
                0x00000160       0x38 src/usb.o
 .debug_aranges
                0x00000198       0x90 src/ads1255.o
 .debug_aranges
                0x00000228       0x20 src/ASF/common/boards/user_board/init.o
 .debug_aranges
                0x00000248       0x40 src/ASF/common/services/clock/xmega/sysclk.o
 .debug_aranges
                0x00000288       0x20 src/ASF/common/services/ioport/xmega/ioport_compat.o
 .debug_aranges
                0x000002a8       0x18 src/ASF/common/services/sleepmgr/xmega/sleepmgr.o
 .debug_aranges
                0x000002c0       0x48 src/ASF/common/services/spi/xmega_usart_spi/usart_spi.o
 .debug_aranges
                0x00000308      0x148 src/ASF/common/services/usb/class/cdc/device/udi_cdc.o
 .debug_aranges
                0x00000450       0x18 src/ASF/common/services/usb/class/cdc/device/udi_cdc_desc.o
 .debug_aranges
                0x00000468       0x70 src/ASF/common/services/usb/udc/udc.o
 .debug_aranges
                0x000004d8       0x20 src/ASF/xmega/drivers/cpu/ccp.o
 .debug_aranges
                0x000004f8       0x68 src/ASF/xmega/drivers/dma/dma.o
 .debug_aranges
                0x00000560       0xc0 src/ASF/xmega/drivers/nvm/nvm.o
 .debug_aranges
                0x00000620       0x28 src/ASF/xmega/drivers/nvm/nvm_asm.o
 .debug_aranges
                0x00000648       0x58 src/ASF/xmega/drivers/rtc/rtc.o
 .debug_aranges
                0x000006a0      0x178 src/ASF/xmega/drivers/tc/tc.o
 .debug_aranges
                0x00000818       0x40 src/ASF/xmega/drivers/twi/twim.o
 .debug_aranges
                0x00000858       0x58 src/ASF/xmega/drivers/usart/usart.o
 .debug_aranges
                0x000008b0      0x120 src/ASF/xmega/drivers/usb/usb_device.o
 .debug_aranges
                0x000009d0       0xd8 src/experiment.o
 .debug_aranges
                0x00000aa8       0x20 src/ext_twi.o
 .debug_aranges
                0x00000ac8       0x28 src/main.o

.debug_pubnames
 *(.debug_pubnames)

.debug_info     0x00000000    0x1cdf0
 *(.debug_info .gnu.linkonce.wi.*)
 .debug_info    0x00000000     0x3409 C:/Program Files (x86)/Atmel/Studio/7.0/Packs/atmel/XMEGAA_DFP/1.1.68/gcc/dev/atxmega256a3u/avrxmega6/crtatxmega256a3u.o
 .debug_info    0x00003409      0x119 src/ASF/common/utils/stdio/read.o
 .debug_info    0x00003522      0x368 src/ASF/common/utils/stdio/stdio_usb/stdio_usb.o
 .debug_info    0x0000388a      0x119 src/ASF/common/utils/stdio/write.o
 .debug_info    0x000039a3      0x98c src/max5443.o
 .debug_info    0x0000432f      0x482 src/settings.o
 .debug_info    0x000047b1     0x1445 src/shutter.o
 .debug_info    0x00005bf6      0x530 src/tcs.o
 .debug_info    0x00006126      0x6aa src/usb.o
 .debug_info    0x000067d0     0x1fd1 src/ads1255.o
 .debug_info    0x000087a1      0x1d8 src/ASF/common/boards/user_board/init.o
 .debug_info    0x00008979      0xd20 src/ASF/common/services/clock/xmega/sysclk.o
 .debug_info    0x00009699      0x121 src/ASF/common/services/ioport/xmega/ioport_compat.o
 .debug_info    0x000097ba      0x129 src/ASF/common/services/sleepmgr/xmega/sleepmgr.o
 .debug_info    0x000098e3      0xb82 src/ASF/common/services/spi/xmega_usart_spi/usart_spi.o
 .debug_info    0x0000a465     0x15a6 src/ASF/common/services/usb/class/cdc/device/udi_cdc.o
 .debug_info    0x0000ba0b      0x77b src/ASF/common/services/usb/class/cdc/device/udi_cdc_desc.o
 .debug_info    0x0000c186     0x1060 src/ASF/common/services/usb/udc/udc.o
 .debug_info    0x0000d1e6       0xb0 src/ASF/xmega/drivers/cpu/ccp.o
 .debug_info    0x0000d296      0xa51 src/ASF/xmega/drivers/dma/dma.o
 .debug_info    0x0000dce7     0x139e src/ASF/xmega/drivers/nvm/nvm.o
 .debug_info    0x0000f085       0xb0 src/ASF/xmega/drivers/nvm/nvm_asm.o
 .debug_info    0x0000f135      0x714 src/ASF/xmega/drivers/rtc/rtc.o
 .debug_info    0x0000f849     0x193c src/ASF/xmega/drivers/tc/tc.o
 .debug_info    0x00011185      0x8f8 src/ASF/xmega/drivers/twi/twim.o
 .debug_info    0x00011a7d     0x100f src/ASF/xmega/drivers/usart/usart.o
 .debug_info    0x00012a8c     0x1d4f src/ASF/xmega/drivers/usb/usb_device.o
 .debug_info    0x000147db     0x537a src/experiment.o
 .debug_info    0x00019b55     0x217a src/ext_twi.o
 .debug_info    0x0001bccf     0x1121 src/main.o

.debug_abbrev   0x00000000     0x751a
 *(.debug_abbrev)
 .debug_abbrev  0x00000000     0x3148 C:/Program Files (x86)/Atmel/Studio/7.0/Packs/atmel/XMEGAA_DFP/1.1.68/gcc/dev/atxmega256a3u/avrxmega6/crtatxmega256a3u.o
 .debug_abbrev  0x00003148       0xc5 src/ASF/common/utils/stdio/read.o
 .debug_abbrev  0x0000320d      0x201 src/ASF/common/utils/stdio/stdio_usb/stdio_usb.o
 .debug_abbrev  0x0000340e       0xa7 src/ASF/common/utils/stdio/write.o
 .debug_abbrev  0x000034b5      0x29f src/max5443.o
 .debug_abbrev  0x00003754      0x16c src/settings.o
 .debug_abbrev  0x000038c0      0x27f src/shutter.o
 .debug_abbrev  0x00003b3f      0x1b0 src/tcs.o
 .debug_abbrev  0x00003cef      0x22d src/usb.o
 .debug_abbrev  0x00003f1c      0x3d9 src/ads1255.o
 .debug_abbrev  0x000042f5       0xbd src/ASF/common/boards/user_board/init.o
 .debug_abbrev  0x000043b2      0x26e src/ASF/common/services/clock/xmega/sysclk.o
 .debug_abbrev  0x00004620       0x95 src/ASF/common/services/ioport/xmega/ioport_compat.o
 .debug_abbrev  0x000046b5       0x84 src/ASF/common/services/sleepmgr/xmega/sleepmgr.o
 .debug_abbrev  0x00004739      0x2cb src/ASF/common/services/spi/xmega_usart_spi/usart_spi.o
 .debug_abbrev  0x00004a04      0x38a src/ASF/common/services/usb/class/cdc/device/udi_cdc.o
 .debug_abbrev  0x00004d8e       0xf1 src/ASF/common/services/usb/class/cdc/device/udi_cdc_desc.o
 .debug_abbrev  0x00004e7f      0x35c src/ASF/common/services/usb/udc/udc.o
 .debug_abbrev  0x000051db       0x14 src/ASF/xmega/drivers/cpu/ccp.o
 .debug_abbrev  0x000051ef      0x2f5 src/ASF/xmega/drivers/dma/dma.o
 .debug_abbrev  0x000054e4      0x3bd src/ASF/xmega/drivers/nvm/nvm.o
 .debug_abbrev  0x000058a1       0x12 src/ASF/xmega/drivers/nvm/nvm_asm.o
 .debug_abbrev  0x000058b3      0x2c5 src/ASF/xmega/drivers/rtc/rtc.o
 .debug_abbrev  0x00005b78      0x290 src/ASF/xmega/drivers/tc/tc.o
 .debug_abbrev  0x00005e08      0x2d1 src/ASF/xmega/drivers/twi/twim.o
 .debug_abbrev  0x000060d9      0x382 src/ASF/xmega/drivers/usart/usart.o
 .debug_abbrev  0x0000645b      0x585 src/ASF/xmega/drivers/usb/usb_device.o
 .debug_abbrev  0x000069e0      0x547 src/experiment.o
 .debug_abbrev  0x00006f27      0x298 src/ext_twi.o
 .debug_abbrev  0x000071bf      0x35b src/main.o

.debug_line     0x00000000    0x1142c
 *(.debug_line .debug_line.* .debug_line_end)
 .debug_line    0x00000000      0x39d C:/Program Files (x86)/Atmel/Studio/7.0/Packs/atmel/XMEGAA_DFP/1.1.68/gcc/dev/atxmega256a3u/avrxmega6/crtatxmega256a3u.o
 .debug_line    0x0000039d      0x3d3 src/ASF/common/utils/stdio/read.o
 .debug_line    0x00000770      0x6e2 src/ASF/common/utils/stdio/stdio_usb/stdio_usb.o
 .debug_line    0x00000e52      0x3da src/ASF/common/utils/stdio/write.o
 .debug_line    0x0000122c      0x970 src/max5443.o
 .debug_line    0x00001b9c      0x7d0 src/settings.o
 .debug_line    0x0000236c      0x821 src/shutter.o
 .debug_line    0x00002b8d      0x734 src/tcs.o
 .debug_line    0x000032c1      0x67a src/usb.o
 .debug_line    0x0000393b     0x1183 src/ads1255.o
 .debug_line    0x00004abe      0xab6 src/ASF/common/boards/user_board/init.o
 .debug_line    0x00005574      0x7fa src/ASF/common/services/clock/xmega/sysclk.o
 .debug_line    0x00005d6e      0x4b3 src/ASF/common/services/ioport/xmega/ioport_compat.o
 .debug_line    0x00006221      0x456 src/ASF/common/services/sleepmgr/xmega/sleepmgr.o
 .debug_line    0x00006677      0x7d5 src/ASF/common/services/spi/xmega_usart_spi/usart_spi.o
 .debug_line    0x00006e4c      0xe2a src/ASF/common/services/usb/class/cdc/device/udi_cdc.o
 .debug_line    0x00007c76      0x5aa src/ASF/common/services/usb/class/cdc/device/udi_cdc_desc.o
 .debug_line    0x00008220      0xab7 src/ASF/common/services/usb/udc/udc.o
 .debug_line    0x00008cd7       0x6e src/ASF/xmega/drivers/cpu/ccp.o
 .debug_line    0x00008d45      0x9a3 src/ASF/xmega/drivers/dma/dma.o
 .debug_line    0x000096e8      0xbe5 src/ASF/xmega/drivers/nvm/nvm.o
 .debug_line    0x0000a2cd      0x11f src/ASF/xmega/drivers/nvm/nvm_asm.o
 .debug_line    0x0000a3ec      0x852 src/ASF/xmega/drivers/rtc/rtc.o
 .debug_line    0x0000ac3e      0xf41 src/ASF/xmega/drivers/tc/tc.o
 .debug_line    0x0000bb7f      0x61f src/ASF/xmega/drivers/twi/twim.o
 .debug_line    0x0000c19e      0x9a4 src/ASF/xmega/drivers/usart/usart.o
 .debug_line    0x0000cb42     0x1486 src/ASF/xmega/drivers/usb/usb_device.o
 .debug_line    0x0000dfc8     0x1f91 src/experiment.o
 .debug_line    0x0000ff59      0x6df src/ext_twi.o
 .debug_line    0x00010638      0xdf4 src/main.o

.debug_frame    0x00000000     0x2aec
 *(.debug_frame)
 .debug_frame   0x00000000       0x34 src/ASF/common/utils/stdio/read.o
 .debug_frame   0x00000034       0x80 src/ASF/common/utils/stdio/stdio_usb/stdio_usb.o
 .debug_frame   0x000000b4       0x24 src/ASF/common/utils/stdio/write.o
 .debug_frame   0x000000d8       0x84 src/max5443.o
 .debug_frame   0x0000015c      0x1e8 src/settings.o
 .debug_frame   0x00000344       0x78 src/shutter.o
 .debug_frame   0x000003bc       0x68 src/tcs.o
 .debug_frame   0x00000424       0x60 src/usb.o
 .debug_frame   0x00000484      0x1c4 src/ads1255.o
 .debug_frame   0x00000648       0x24 src/ASF/common/boards/user_board/init.o
 .debug_frame   0x0000066c       0x64 src/ASF/common/services/clock/xmega/sysclk.o
 .debug_frame   0x000006d0       0x30 src/ASF/common/services/ioport/xmega/ioport_compat.o
 .debug_frame   0x00000700       0x90 src/ASF/common/services/spi/xmega_usart_spi/usart_spi.o
 .debug_frame   0x00000790      0x360 src/ASF/common/services/usb/class/cdc/device/udi_cdc.o
 .debug_frame   0x00000af0      0x114 src/ASF/common/services/usb/udc/udc.o
 .debug_frame   0x00000c04      0x1e0 src/ASF/xmega/drivers/dma/dma.o
 .debug_frame   0x00000de4      0x33c src/ASF/xmega/drivers/nvm/nvm.o
 .debug_frame   0x00001120      0x124 src/ASF/xmega/drivers/rtc/rtc.o
 .debug_frame   0x00001244      0xd04 src/ASF/xmega/drivers/tc/tc.o
 .debug_frame   0x00001f48      0x10c src/ASF/xmega/drivers/twi/twim.o
 .debug_frame   0x00002054      0x14c src/ASF/xmega/drivers/usart/usart.o
 .debug_frame   0x000021a0      0x3cc src/ASF/xmega/drivers/usb/usb_device.o
 .debug_frame   0x0000256c      0x4fc src/experiment.o
 .debug_frame   0x00002a68       0x40 src/ext_twi.o
 .debug_frame   0x00002aa8       0x44 src/main.o

.debug_str      0x00000000    0x37a57
 *(.debug_str)
 .debug_str     0x00000000     0x223b C:/Program Files (x86)/Atmel/Studio/7.0/Packs/atmel/XMEGAA_DFP/1.1.68/gcc/dev/atxmega256a3u/avrxmega6/crtatxmega256a3u.o
 .debug_str     0x0000223b    0x25134 src/ASF/common/utils/stdio/read.o
                              0x256e1 (size before relaxing)
 .debug_str     0x0002736f     0x468d src/ASF/common/utils/stdio/stdio_usb/stdio_usb.o
                              0x29d23 (size before relaxing)
 .debug_str     0x0002b9fc       0x26 src/ASF/common/utils/stdio/write.o
                              0x256e3 (size before relaxing)
 .debug_str     0x0002ba22     0x17f3 src/max5443.o
                              0x2b452 (size before relaxing)
 .debug_str     0x0002d215      0x169 src/settings.o
                              0x28a94 (size before relaxing)
 .debug_str     0x0002d37e      0xd36 src/shutter.o
                              0x281f0 (size before relaxing)
 .debug_str     0x0002e0b4      0x434 src/tcs.o
                              0x27762 (size before relaxing)
 .debug_str     0x0002e4e8      0x769 src/usb.o
                              0x28006 (size before relaxing)
 .debug_str     0x0002ec51      0x5ce src/ads1255.o
                              0x2b87a (size before relaxing)
 .debug_str     0x0002f21f      0x3cd src/ASF/common/boards/user_board/init.o
                              0x2b8ba (size before relaxing)
 .debug_str     0x0002f5ec      0x3ed src/ASF/common/services/clock/xmega/sysclk.o
                              0x2750a (size before relaxing)
 .debug_str     0x0002f9d9       0x77 src/ASF/common/services/ioport/xmega/ioport_compat.o
                              0x25d3d (size before relaxing)
 .debug_str     0x0002fa50       0x96 src/ASF/common/services/sleepmgr/xmega/sleepmgr.o
                              0x25a86 (size before relaxing)
 .debug_str     0x0002fae6       0xdd src/ASF/common/services/spi/xmega_usart_spi/usart_spi.o
                              0x27527 (size before relaxing)
 .debug_str     0x0002fbc3      0xca8 src/ASF/common/services/usb/class/cdc/device/udi_cdc.o
                              0x2aab9 (size before relaxing)
 .debug_str     0x0003086b      0x584 src/ASF/common/services/usb/class/cdc/device/udi_cdc_desc.o
                              0x2a194 (size before relaxing)
 .debug_str     0x00030def      0x7de src/ASF/common/services/usb/udc/udc.o
                              0x29322 (size before relaxing)
 .debug_str     0x000315cd      0x30e src/ASF/xmega/drivers/dma/dma.o
                              0x27911 (size before relaxing)
 .debug_str     0x000318db      0x522 src/ASF/xmega/drivers/nvm/nvm.o
                              0x2629b (size before relaxing)
 .debug_str     0x00031dfd      0x2dc src/ASF/xmega/drivers/rtc/rtc.o
                              0x27726 (size before relaxing)
 .debug_str     0x000320d9      0x586 src/ASF/xmega/drivers/tc/tc.o
                              0x27d1a (size before relaxing)
 .debug_str     0x0003265f      0x277 src/ASF/xmega/drivers/twi/twim.o
                              0x25d29 (size before relaxing)
 .debug_str     0x000328d6      0x3d5 src/ASF/xmega/drivers/usart/usart.o
                              0x278dc (size before relaxing)
 .debug_str     0x00032cab     0x34d4 src/ASF/xmega/drivers/usb/usb_device.o
                              0x2db28 (size before relaxing)
 .debug_str     0x0003617f     0x1490 src/experiment.o
                              0x2e16c (size before relaxing)
 .debug_str     0x0003760f      0x2b2 src/ext_twi.o
                              0x281ac (size before relaxing)
 .debug_str     0x000378c1      0x196 src/main.o
                              0x2cdd7 (size before relaxing)

.debug_loc      0x00000000     0xc705
 *(.debug_loc)
 .debug_loc     0x00000000       0x6e src/ASF/common/utils/stdio/read.o
 .debug_loc     0x0000006e      0x12b src/ASF/common/utils/stdio/stdio_usb/stdio_usb.o
 .debug_loc     0x00000199       0x52 src/ASF/common/utils/stdio/write.o
 .debug_loc     0x000001eb      0x1ed src/max5443.o
 .debug_loc     0x000003d8      0x775 src/settings.o
 .debug_loc     0x00000b4d      0x36c src/shutter.o
 .debug_loc     0x00000eb9      0x184 src/tcs.o
 .debug_loc     0x0000103d      0x15e src/usb.o
 .debug_loc     0x0000119b      0xddb src/ads1255.o
 .debug_loc     0x00001f76      0x449 src/ASF/common/services/clock/xmega/sysclk.o
 .debug_loc     0x000023bf       0x66 src/ASF/common/services/ioport/xmega/ioport_compat.o
 .debug_loc     0x00002425      0x58a src/ASF/common/services/spi/xmega_usart_spi/usart_spi.o
 .debug_loc     0x000029af      0xce2 src/ASF/common/services/usb/class/cdc/device/udi_cdc.o
 .debug_loc     0x00003691      0x4e2 src/ASF/common/services/usb/udc/udc.o
 .debug_loc     0x00003b73      0x52c src/ASF/xmega/drivers/dma/dma.o
 .debug_loc     0x0000409f     0x125b src/ASF/xmega/drivers/nvm/nvm.o
 .debug_loc     0x000052fa      0x288 src/ASF/xmega/drivers/rtc/rtc.o
 .debug_loc     0x00005582     0x1ddc src/ASF/xmega/drivers/tc/tc.o
 .debug_loc     0x0000735e      0x472 src/ASF/xmega/drivers/twi/twim.o
 .debug_loc     0x000077d0      0xcdc src/ASF/xmega/drivers/usart/usart.o
 .debug_loc     0x000084ac      0xf7a src/ASF/xmega/drivers/usb/usb_device.o
 .debug_loc     0x00009426     0x2f89 src/experiment.o
 .debug_loc     0x0000c3af      0x120 src/ext_twi.o
 .debug_loc     0x0000c4cf      0x236 src/main.o

.debug_macinfo
 *(.debug_macinfo)

.debug_weaknames
 *(.debug_weaknames)

.debug_funcnames
 *(.debug_funcnames)

.debug_typenames
 *(.debug_typenames)

.debug_varnames
 *(.debug_varnames)

.debug_pubtypes
 *(.debug_pubtypes)

.debug_ranges   0x00000000      0xc00
 *(.debug_ranges)
 .debug_ranges  0x00000000       0x10 src/ASF/common/utils/stdio/read.o
 .debug_ranges  0x00000010       0x38 src/ASF/common/utils/stdio/stdio_usb/stdio_usb.o
 .debug_ranges  0x00000048       0x10 src/ASF/common/utils/stdio/write.o
 .debug_ranges  0x00000058       0x20 src/max5443.o
 .debug_ranges  0x00000078       0x30 src/settings.o
 .debug_ranges  0x000000a8       0x30 src/shutter.o
 .debug_ranges  0x000000d8       0x18 src/tcs.o
 .debug_ranges  0x000000f0       0x28 src/usb.o
 .debug_ranges  0x00000118      0x160 src/ads1255.o
 .debug_ranges  0x00000278       0x10 src/ASF/common/boards/user_board/init.o
 .debug_ranges  0x00000288       0x30 src/ASF/common/services/clock/xmega/sysclk.o
 .debug_ranges  0x000002b8       0x10 src/ASF/common/services/ioport/xmega/ioport_compat.o
 .debug_ranges  0x000002c8       0x98 src/ASF/common/services/spi/xmega_usart_spi/usart_spi.o
 .debug_ranges  0x00000360      0x138 src/ASF/common/services/usb/class/cdc/device/udi_cdc.o
 .debug_ranges  0x00000498       0xb0 src/ASF/common/services/usb/udc/udc.o
 .debug_ranges  0x00000548       0x58 src/ASF/xmega/drivers/dma/dma.o
 .debug_ranges  0x000005a0       0xb0 src/ASF/xmega/drivers/nvm/nvm.o
 .debug_ranges  0x00000650       0x20 src/ASF/xmega/drivers/nvm/nvm_asm.o
 .debug_ranges  0x00000670       0x48 src/ASF/xmega/drivers/rtc/rtc.o
 .debug_ranges  0x000006b8      0x168 src/ASF/xmega/drivers/tc/tc.o
 .debug_ranges  0x00000820       0x60 src/ASF/xmega/drivers/twi/twim.o
 .debug_ranges  0x00000880       0x48 src/ASF/xmega/drivers/usart/usart.o
 .debug_ranges  0x000008c8      0x140 src/ASF/xmega/drivers/usb/usb_device.o
 .debug_ranges  0x00000a08      0x188 src/experiment.o
 .debug_ranges  0x00000b90       0x10 src/ext_twi.o
 .debug_ranges  0x00000ba0       0x60 src/main.o

.debug_macro    0x00000000     0xebd0
 *(.debug_macro)
 .debug_macro   0x00000000      0x168 src/ASF/common/utils/stdio/read.o
 .debug_macro   0x00000168      0xab4 src/ASF/common/utils/stdio/read.o
 .debug_macro   0x00000c1c       0x10 src/ASF/common/utils/stdio/read.o
 .debug_macro   0x00000c2c      0x1c9 src/ASF/common/utils/stdio/read.o
 .debug_macro   0x00000df5      0x2fc src/ASF/common/utils/stdio/read.o
 .debug_macro   0x000010f1       0x9e src/ASF/common/utils/stdio/read.o
 .debug_macro   0x0000118f     0x62da src/ASF/common/utils/stdio/read.o
 .debug_macro   0x00007469       0x9a src/ASF/common/utils/stdio/read.o
 .debug_macro   0x00007503       0xf1 src/ASF/common/utils/stdio/read.o
 .debug_macro   0x000075f4       0x34 src/ASF/common/utils/stdio/read.o
 .debug_macro   0x00007628       0x16 src/ASF/common/utils/stdio/read.o
 .debug_macro   0x0000763e       0x18 src/ASF/common/utils/stdio/read.o
 .debug_macro   0x00007656       0x5e src/ASF/common/utils/stdio/read.o
 .debug_macro   0x000076b4       0x10 src/ASF/common/utils/stdio/read.o
 .debug_macro   0x000076c4       0x22 src/ASF/common/utils/stdio/read.o
 .debug_macro   0x000076e6      0x16d src/ASF/common/utils/stdio/read.o
 .debug_macro   0x00007853       0x1c src/ASF/common/utils/stdio/read.o
 .debug_macro   0x0000786f       0x35 src/ASF/common/utils/stdio/read.o